<html>
<body>
<pre>
<h1>µVision Build Log</h1>
<h2>Tool Versions:</h2>
IDE-Version: ¦ÌVision V5.18.0.0
Copyright (C) 2016 ARM Ltd and ARM Germany GmbH. All rights reserved.
License Information: yun HP Inc., HP Inc., LIC=AK101-CA7SA-GN5A5-G3VYH-DPA1T-VAZ3V
 
Tool Versions:
Toolchain:       MDK-ARM Professional  Version: 5.18
Toolchain Path:  E:\software\C51\ARM\ARMCC\Bin
C Compiler:      Armcc.exe V5.06 update 1 (build 61)
Assembler:       Armasm.exe V5.06 update 1 (build 61)
Linker/Locator:  ArmLink.exe V5.06 update 1 (build 61)
Library Manager: ArmAr.exe V5.06 update 1 (build 61)
Hex Converter:   FromElf.exe V5.06 update 1 (build 61)
CPU DLL:         SARMCM3.DLL V5.18
Dialog DLL:      DARMSTM.DLL V1.65.0.0
Target DLL:      Segger\JL2CM3.dll V2.99.18.0
Dialog DLL:      TARMSTM.DLL V1.64.0.0
 
<h2>Project:</h2>
C:\Users\125-y\Desktop\hardware\test\USER\Template.uvprojx
Project File Date:  12/15/2019

<h2>Output:</h2>
*** Using Compiler 'V5.06 update 1 (build 61)', folder: 'E:\software\C51\ARM\ARMCC\Bin'
Rebuild target 'Target 1'
compiling stm32f10x_it.c...
compiling power.c...
compiling usart3.c...
compiling system_stm32f10x.c...
compiling timer.c...
compiling IPM.c...
compiling test.c...
compiling w25qxx.c...
compiling sram.c...
compiling ap.c...
compiling spi.c...
compiling cs5532.c...
..\HARDWARE\CS5532\cs5532.c(11): warning:  #177-D: variable "temp" was declared but never referenced
  	u32 temp,reg1,reg2,reg3,reg0;
..\HARDWARE\CS5532\cs5532.c(130): warning:  #177-D: variable "j" was declared but never referenced
  	int i,j;
..\HARDWARE\CS5532\cs5532.c: 2 warnings, 0 errors
compiling sdio_sdcard.c...
compiling acquisition.c...
assembling startup_stm32f10x_hd.s...
compiling malloc.c...
compiling core_cm3.c...
compiling delay.c...
compiling sys.c...
compiling usart.c...
compiling misc.c...
compiling stm32f10x_gpio.c...
compiling stm32f10x_usart.c...
compiling stm32f10x_rcc.c...
compiling stm32f10x_spi.c...
compiling stm32f10x_sdio.c...
compiling stm32f10x_fsmc.c...
compiling stm32f10x_tim.c...
compiling stm32f10x_exti.c...
assembling cpu_a.asm...
compiling cpu_core.c...
compiling cpu_c.c...
compiling lib_ascii.c...
compiling stm32f10x_dma.c...
compiling lib_math.c...
compiling bsp.c...
assembling lib_mem_a.asm...
compiling os_cfg_app.c...
compiling lib_mem.c...
compiling lib_str.c...
compiling os_dbg.c...
compiling os_core.c...
compiling os_flag.c...
compiling os_int.c...
compiling os_mem.c...
compiling os_msg.c...
compiling os_pend_multi.c...
compiling os_mutex.c...
compiling os_prio.c...
compiling os_q.c...
compiling os_sem.c...
compiling os_tick.c...
compiling os_time.c...
compiling os_stat.c...
assembling os_cpu_a.s...
compiling os_tmr.c...
compiling os_var.c...
compiling os_task.c...
compiling os_app_hooks.c...
compiling os_cpu_c.c...
compiling usmart_config.c...
compiling usmart.c...
compiling exfuns.c...
compiling usmart_str.c...
compiling diskio.c...
compiling fattester.c...
compiling cc936.c...
compiling ff.c...
linking...
Program Size: Code=86836 RO-data=178440 RW-data=880 ZI-data=1107784  
FromELF: creating hex file...
"..\OBJ\MALLOC.axf" - 0 Error(s), 2 Warning(s).

<h2>Collection of Component include folders:</h2>
  C:\Users\125-y\Desktop\hardware\test\USER\RTE
  E:\software\C51\ARM\PACK\Keil\STM32F1xx_DFP\2.2.0\Device\Include

<h2>Collection of Component Files used:</h2>
Build Time Elapsed:  00:00:06
</pre>
</body>
</html>
