Component: ARM Compiler 5.06 update 1 (build 61) Tool: armlink [4d35a8]

==============================================================================

Section Cross References

    system_stm32f10x.o(.text) refers to system_stm32f10x.o(.data) for SystemCoreClock
    test.o(.text) refers to __2printf.o(.text) for __2printf
    test.o(.text) refers to os_time.o(.text) for OSTimeDlyHMSM
    test.o(.text) refers to cpu_a.o(.text) for CPU_SR_Save
    test.o(.text) refers to malloc.o(.text) for mymalloc
    test.o(.text) refers to data.o(.text) for atk_8266_check_cmd
    test.o(.text) refers to usart3.o(.text) for u3_printf
    test.o(.text) refers to os_core.o(.text) for OS_Sched0
    test.o(.text) refers to cpu_core.o(.text) for CPU_Init
    test.o(.text) refers to os_stat.o(.text) for OSStatTaskCPUUsageInit
    test.o(.text) refers to os_tmr.o(.text) for OSTmrCreate
    test.o(.text) refers to os_task.o(.text) for OSTaskCreate
    test.o(.text) refers to delay.o(.text) for delay_init
    test.o(.text) refers to misc.o(.text) for NVIC_PriorityGroupConfig
    test.o(.text) refers to usart.o(.text) for uart_init
    test.o(.text) refers to sram.o(.text) for FSMC_SRAM_Init
    test.o(.text) refers to power.o(.text) for Power_Init
    test.o(.text) refers to adc.o(.text) for Adc_Init
    test.o(.text) refers to acquisition.o(.text) for Acquisition_Init
    test.o(.text) refers to cs5532.o(.text) for CS5532_Init
    test.o(.text) refers to ipm.o(.text) for IPM_Init
    test.o(.text) refers to sdio_sdcard.o(.text) for SD_Init
    test.o(.text) refers to exfuns.o(.text) for exfuns_init
    test.o(.text) refers to ff.o(.text) for f_mount
    test.o(.text) refers to os_var.o(.data) for OSSchedLockNestingCtr
    test.o(.text) refers to usart3.o(.data) for USART3_RX_STA
    test.o(.text) refers to usart3.o(.bss) for USART3_RX_BUF
    test.o(.text) refers to test.o(.bss) for wifi_deal_tmr
    test.o(.text) refers to exfuns.o(.data) for fs
    ipm.o(.text) refers to stm32f10x_rcc.o(.text) for RCC_APB2PeriphClockCmd
    ipm.o(.text) refers to stm32f10x_gpio.o(.text) for GPIO_Init
    power.o(.text) refers to stm32f10x_rcc.o(.text) for RCC_APB2PeriphClockCmd
    power.o(.text) refers to stm32f10x_gpio.o(.text) for GPIO_Init
    power.o(.text) refers to adc.o(.text) for Get_Adc_Average
    power.o(.text) refers to fflt_clz.o(x$fpl$fflt) for __aeabi_i2f
    power.o(.text) refers to f2d.o(x$fpl$f2d) for __aeabi_f2d
    power.o(.text) refers to dmul.o(x$fpl$dmul) for __aeabi_dmul
    power.o(.text) refers to ddiv.o(x$fpl$ddiv) for __aeabi_ddiv
    power.o(.text) refers to d2f.o(x$fpl$d2f) for __aeabi_d2f
    usart3.o(.text) refers to stm32f10x_usart.o(.text) for USART_GetITStatus
    usart3.o(.text) refers to stm32f10x_tim.o(.text) for TIM_SetCounter
    usart3.o(.text) refers to stm32f10x_rcc.o(.text) for RCC_APB2PeriphClockCmd
    usart3.o(.text) refers to stm32f10x_gpio.o(.text) for GPIO_Init
    usart3.o(.text) refers to misc.o(.text) for NVIC_Init
    usart3.o(.text) refers to timer.o(.text) for TIM7_Int_Init
    usart3.o(.text) refers to c89vsprintf.o(.text) for __c89vsprintf
    usart3.o(.text) refers to strlen.o(.text) for strlen
    usart3.o(.text) refers to usart3.o(.data) for USART3_RX_STA
    usart3.o(.text) refers to usart3.o(.bss) for USART3_RX_BUF
    timer.o(.text) refers to os_core.o(.text) for OSIntEnter
    timer.o(.text) refers to stm32f10x_rcc.o(.text) for RCC_APB1PeriphClockCmd
    timer.o(.text) refers to stm32f10x_tim.o(.text) for TIM_TimeBaseInit
    timer.o(.text) refers to misc.o(.text) for NVIC_Init
    timer.o(.text) refers to usart3.o(.data) for USART3_RX_STA
    sdio_sdcard.o(.text) refers to stm32f10x_sdio.o(.text) for SDIO_GetFlagStatus
    sdio_sdcard.o(.text) refers to sdio_sdcard.o(.data) for DeviceMode
    sdio_sdcard.o(.text) refers to sdio_sdcard.o(.bss) for SDIO_CmdInitStructure
    sdio_sdcard.o(.text) refers to stm32f10x_rcc.o(.text) for RCC_APB2PeriphClockCmd
    sdio_sdcard.o(.text) refers to stm32f10x_gpio.o(.text) for GPIO_Init
    sdio_sdcard.o(.text) refers to misc.o(.text) for NVIC_Init
    sdio_sdcard.o(.text) refers to stm32f10x_dma.o(.text) for DMA_DeInit
    sdio_sdcard.o(.text) refers to sys.o(.text) for INTX_DISABLE
    sdio_sdcard.o(.text) refers to rt_memcpy_v6.o(.text) for __aeabi_memcpy
    w25qxx.o(.text) refers to _printf_percent.o(.ARM.Collect$$_printf_percent$$00000000) for _printf_percent
    w25qxx.o(.text) refers to _printf_x.o(.ARM.Collect$$_printf_percent$$0000000C) for _printf_x
    w25qxx.o(.text) refers to _printf_hex_int_ll_ptr.o(.text) for _printf_longlong_hex
    w25qxx.o(.text) refers to spi.o(.text) for SPI2_ReadWriteByte
    w25qxx.o(.text) refers to __2printf.o(.text) for __2printf
    w25qxx.o(.text) refers to delay.o(.text) for delay_us
    w25qxx.o(.text) refers to w25qxx.o(.data) for W25QXX_TYPE
    w25qxx.o(.text) refers to w25qxx.o(.bss) for W25QXX_BUFFER
    acquisition.o(.text) refers to stm32f10x_rcc.o(.text) for RCC_APB2PeriphClockCmd
[...]
    Str_Len_N                                0x08007355   Thumb Code    28  lib_str.o(.text)
    Str_Len                                  0x08007371   Thumb Code    20  lib_str.o(.text)
    Str_Copy_N                               0x08007385   Thumb Code    70  lib_str.o(.text)
    Str_Copy                                 0x080073cb   Thumb Code    24  lib_str.o(.text)
    Str_Cat_N                                0x080073e3   Thumb Code    90  lib_str.o(.text)
    Str_Cat                                  0x0800743d   Thumb Code    24  lib_str.o(.text)
    Str_Cmp_N                                0x08007455   Thumb Code   156  lib_str.o(.text)
    Str_Cmp                                  0x080074f1   Thumb Code    24  lib_str.o(.text)
    Str_CmpIgnoreCase_N                      0x08007509   Thumb Code   264  lib_str.o(.text)
    Str_CmpIgnoreCase                        0x08007611   Thumb Code    24  lib_str.o(.text)
    Str_Char_N                               0x08007629   Thumb Code    74  lib_str.o(.text)
    Str_Char                                 0x08007673   Thumb Code    24  lib_str.o(.text)
    Str_Char_Last_N                          0x0800768b   Thumb Code    76  lib_str.o(.text)
    Str_Char_Last                            0x080076d7   Thumb Code    24  lib_str.o(.text)
    Str_Char_Replace_N                       0x080076ef   Thumb Code    52  lib_str.o(.text)
    Str_Char_Replace                         0x08007723   Thumb Code    28  lib_str.o(.text)
    Str_Str_N                                0x0800773f   Thumb Code   182  lib_str.o(.text)
    Str_Str                                  0x080077f5   Thumb Code    24  lib_str.o(.text)
    Str_FmtNbr_Int32U                        0x080079e9   Thumb Code    46  lib_str.o(.text)
    Str_FmtNbr_Int32S                        0x08007a17   Thumb Code    62  lib_str.o(.text)
    Str_ParseNbr_Int32U                      0x08007c13   Thumb Code    30  lib_str.o(.text)
    Str_ParseNbr_Int32S                      0x08007c31   Thumb Code    74  lib_str.o(.text)
    Mem_Copy                                 0x08007c81   Thumb Code     0  lib_mem_a.o(.text)
    OSCfg_Init                               0x08007ea1   Thumb Code    86  os_cfg_app.o(.text)
    OS_IdleTask                              0x08007f9d   Thumb Code    60  os_core.o(.text)
    OS_IdleTaskInit                          0x08007fd9   Thumb Code    68  os_core.o(.text)
    OS_RdyListInit                           0x0800801d   Thumb Code    32  os_core.o(.text)
    OSInit                                   0x0800803d   Thumb Code   300  os_core.o(.text)
    OSIntEnter                               0x08008169   Thumb Code    34  os_core.o(.text)
    OSIntExit                                0x0800818b   Thumb Code   188  os_core.o(.text)
    OSSched                                  0x08008247   Thumb Code   130  os_core.o(.text)
    OS_SchedLockTimeMeasStart                0x080082c9   Thumb Code    20  os_core.o(.text)
    OSSchedLock                              0x080082dd   Thumb Code   104  os_core.o(.text)
    OS_SchedLockTimeMeasStop                 0x08008345   Thumb Code    44  os_core.o(.text)
    OSSchedUnlock                            0x08008371   Thumb Code   286  os_core.o(.text)
    OSSchedRoundRobinCfg                     0x0800848f   Thumb Code    88  os_core.o(.text)
    OS_RdyListMoveHeadToTail                 0x080084e7   Thumb Code    68  os_core.o(.text)
    OSSchedRoundRobinYield                   0x0800852b   Thumb Code   164  os_core.o(.text)
    OSStart                                  0x080085cf   Thumb Code    78  os_core.o(.text)
    OSVersion                                0x0800861d   Thumb Code    12  os_core.o(.text)
    OS_PendDbgNameAdd                        0x08008629   Thumb Code    66  os_core.o(.text)
    OS_PendListInsertPrio                    0x0800866b   Thumb Code   102  os_core.o(.text)
    OS_PendDataInit                          0x080086d1   Thumb Code    38  os_core.o(.text)
    OS_RdyListRemove                         0x080086f7   Thumb Code    86  os_core.o(.text)
    OS_TaskBlock                             0x0800874d   Thumb Code    56  os_core.o(.text)
    OS_Pend                                  0x08008785   Thumb Code    98  os_core.o(.text)
    OS_PendListRemove1                       0x080087e7   Thumb Code   136  os_core.o(.text)
    OS_PendListRemove                        0x0800886f   Thumb Code    48  os_core.o(.text)
    OS_PendAbort1                            0x0800889f   Thumb Code    36  os_core.o(.text)
    OS_RdyListInsertHead                     0x080088c3   Thumb Code    58  os_core.o(.text)
    OS_RdyListInsertTail                     0x080088fd   Thumb Code    56  os_core.o(.text)
    OS_RdyListInsert                         0x08008935   Thumb Code    40  os_core.o(.text)
    OS_TaskRdy                               0x0800895d   Thumb Code    28  os_core.o(.text)
    OS_PendAbort                             0x08008979   Thumb Code   166  os_core.o(.text)
    OS_PendDbgNameRemove                     0x08008a1f   Thumb Code    34  os_core.o(.text)
    OS_PendListChangePrio                    0x08008a41   Thumb Code    70  os_core.o(.text)
    OS_PendListInit                          0x08008a87   Thumb Code    10  os_core.o(.text)
    OS_PendListInsertHead                    0x08008a91   Thumb Code    32  os_core.o(.text)
    OS_PendObjDel1                           0x08008ab1   Thumb Code    36  os_core.o(.text)
    OS_PendObjDel                            0x08008ad5   Thumb Code   162  os_core.o(.text)
    OS_Post1                                 0x08008b77   Thumb Code    42  os_core.o(.text)
    OS_Post                                  0x08008ba1   Thumb Code   192  os_core.o(.text)
    OS_Sched0                                0x08008c61   Thumb Code    68  os_core.o(.text)
    OS_SchedRoundRobin                       0x08008ca5   Thumb Code   218  os_core.o(.text)
    OS_Dbg_Init                              0x08008d8d   Thumb Code   146  os_dbg.o(.text)
    OS_FlagDbgListAdd                        0x08008f3d   Thumb Code    38  os_flag.o(.text)
    OSFlagCreate                             0x08008f63   Thumb Code   172  os_flag.o(.text)
    OS_FlagClr                               0x0800900f   Thumb Code    28  os_flag.o(.text)
    OS_FlagDbgListRemove                     0x0800902b   Thumb Code    44  os_flag.o(.text)
    OSFlagDel                                0x08009057   Thumb Code   594  os_flag.o(.text)
    OS_FlagBlock                             0x080092a9   Thumb Code    58  os_flag.o(.text)
    OSFlagPend                               0x080092e3   Thumb Code  1488  os_flag.o(.text)
    OSFlagPendAbort                          0x080098b3   Thumb Code   292  os_flag.o(.text)
    OSFlagPendGetFlagsRdy                    0x080099d7   Thumb Code    68  os_flag.o(.text)
    OS_FlagTaskRdy                           0x08009a1b   Thumb Code    86  os_flag.o(.text)
    OS_FlagPost                              0x08009a71   Thumb Code   570  os_flag.o(.text)
    OSFlagPost                               0x08009cab   Thumb Code   146  os_flag.o(.text)
    OS_FlagInit                              0x08009d3d   Thumb Code    14  os_flag.o(.text)
    OS_IntQPost                              0x08009d65   Thumb Code   216  os_int.o(.text)
    OS_IntQRePost                            0x08009e3d   Thumb Code   360  os_int.o(.text)
    OS_IntQTask                              0x08009fa5   Thumb Code   162  os_int.o(.text)
    OS_IntQTaskInit                          0x0800a047   Thumb Code   208  os_int.o(.text)
    OS_MemDbgListAdd                         0x0800a1a9   Thumb Code    34  os_mem.o(.text)
    OSMemCreate                              0x0800a1cb   Thumb Code   288  os_mem.o(.text)
    OSMemGet                                 0x0800a2eb   Thumb Code   100  os_mem.o(.text)
    OSMemPut                                 0x0800a34f   Thumb Code   112  os_mem.o(.text)
    OS_MemInit                               0x0800a3bf   Thumb Code    14  os_mem.o(.text)
    OS_MsgPoolCreate                         0x0800a3e1   Thumb Code    54  os_msg.o(.text)
    OS_MsgPoolInit                           0x0800a417   Thumb Code    70  os_msg.o(.text)
    OS_MsgQFreeAll                           0x0800a45d   Thumb Code    62  os_msg.o(.text)
    OS_MsgQInit                              0x0800a49b   Thumb Code    14  os_msg.o(.text)
    OS_MsgQGet                               0x0800a4a9   Thumb Code    98  os_msg.o(.text)
    OS_MsgQPut                               0x0800a50b   Thumb Code   246  os_msg.o(.text)
    OS_MutexDbgListAdd                       0x0800a60d   Thumb Code    38  os_mutex.o(.text)
    OSMutexCreate                            0x0800a633   Thumb Code   178  os_mutex.o(.text)
    OS_MutexClr                              0x0800a6e5   Thumb Code    38  os_mutex.o(.text)
    OS_MutexDbgListRemove                    0x0800a70b   Thumb Code    44  os_mutex.o(.text)
    OSMutexDel                               0x0800a737   Thumb Code   842  os_mutex.o(.text)
    OSMutexPend                              0x0800aa81   Thumb Code   706  os_mutex.o(.text)
    OSMutexPendAbort                         0x0800ad43   Thumb Code   314  os_mutex.o(.text)
    OSMutexPost                              0x0800ae7d   Thumb Code   564  os_mutex.o(.text)
    OS_MutexInit                             0x0800b0b1   Thumb Code    14  os_mutex.o(.text)
    OS_PrioInit                              0x0800b0e1   Thumb Code    20  os_prio.o(.text)
    OS_PrioGetHighest                        0x0800b0f5   Thumb Code    36  os_prio.o(.text)
    OS_PrioInsert                            0x0800b119   Thumb Code    32  os_prio.o(.text)
    OS_PrioRemove                            0x0800b139   Thumb Code    32  os_prio.o(.text)
    OS_QDbgListAdd                           0x0800b15d   Thumb Code    38  os_q.o(.text)
    OSQCreate                                0x0800b183   Thumb Code   186  os_q.o(.text)
    OS_QClr                                  0x0800b23d   Thumb Code    40  os_q.o(.text)
    OS_QDbgListRemove                        0x0800b265   Thumb Code    44  os_q.o(.text)
    OSQDel                                   0x0800b291   Thumb Code   362  os_q.o(.text)
    OSQFlush                                 0x0800b3fb   Thumb Code   210  os_q.o(.text)
    OSQPend                                  0x0800b4cd   Thumb Code   538  os_q.o(.text)
    OSQPendAbort                             0x0800b6e7   Thumb Code   292  os_q.o(.text)
    OS_QPost                                 0x0800b80b   Thumb Code   324  os_q.o(.text)
    OSQPost                                  0x0800b94f   Thumb Code   198  os_q.o(.text)
    OS_QInit                                 0x0800ba15   Thumb Code    14  os_q.o(.text)
    OS_SemDbgListAdd                         0x0800ba35   Thumb Code    38  os_sem.o(.text)
    OSSemCreate                              0x0800ba5b   Thumb Code   172  os_sem.o(.text)
    OS_SemClr                                0x0800bb07   Thumb Code    28  os_sem.o(.text)
    OS_SemDbgListRemove                      0x0800bb23   Thumb Code    44  os_sem.o(.text)
    OSSemDel                                 0x0800bb4f   Thumb Code   362  os_sem.o(.text)
    OSSemPend                                0x0800bcb9   Thumb Code   504  os_sem.o(.text)
    OSSemPendAbort                           0x0800beb1   Thumb Code   292  os_sem.o(.text)
    OS_SemPost                               0x0800bfd5   Thumb Code   350  os_sem.o(.text)
    OSSemPost                                0x0800c133   Thumb Code   144  os_sem.o(.text)
    OSSemSet                                 0x0800c1c3   Thumb Code   138  os_sem.o(.text)
    OS_SemInit                               0x0800c24d   Thumb Code    14  os_sem.o(.text)
    OSStatReset                              0x0800c265   Thumb Code   270  os_stat.o(.text)
    OSStatTaskCPUUsageInit                   0x0800c373   Thumb Code   212  os_stat.o(.text)
    OS_StatTask                              0x0800c447   Thumb Code   888  os_stat.o(.text)
    OS_StatTaskInit                          0x0800c7bf   Thumb Code   138  os_stat.o(.text)
    OSTaskChangePrio                         0x0800c89d   Thumb Code   416  os_task.o(.text)
    OS_TaskDbgListAdd                        0x0800ca3d   Thumb Code    42  os_task.o(.text)
    OS_TaskInitTCB                           0x0800ca67   Thumb Code   186  os_task.o(.text)
    OSTaskCreate                             0x0800cb21   Thumb Code   616  os_task.o(.text)
    OS_TaskDbgListRemove                     0x0800cd89   Thumb Code    64  os_task.o(.text)
    OSTaskDel                                0x0800cdc9   Thumb Code   424  os_task.o(.text)
    OSTaskQFlush                             0x0800cf71   Thumb Code   214  os_task.o(.text)
    OSTaskQPend                              0x0800d047   Thumb Code   554  os_task.o(.text)
    OSTaskQPendAbort                         0x0800d271   Thumb Code   242  os_task.o(.text)
    OS_TaskQPost                             0x0800d363   Thumb Code   526  os_task.o(.text)
    OSTaskQPost                              0x0800d571   Thumb Code   114  os_task.o(.text)
    OSTaskRegGet                             0x0800d5e3   Thumb Code    78  os_task.o(.text)
    OSTaskRegGetID                           0x0800d631   Thumb Code    84  os_task.o(.text)
    OSTaskRegSet                             0x0800d685   Thumb Code    78  os_task.o(.text)
    OS_TaskResume                            0x0800d6d3   Thumb Code   314  os_task.o(.text)
    OSTaskResume                             0x0800d80d   Thumb Code   112  os_task.o(.text)
    OSTaskSemPend                            0x0800d87d   Thumb Code   550  os_task.o(.text)
    OSTaskSemPendAbort                       0x0800daa3   Thumb Code   270  os_task.o(.text)
    OS_TaskSemPost                           0x0800dbb1   Thumb Code  1224  os_task.o(.text)
    OSTaskSemPost                            0x0800e079   Thumb Code    98  os_task.o(.text)
    OSTaskSemSet                             0x0800e0db   Thumb Code    80  os_task.o(.text)
    OSTaskStkChk                             0x0800e12b   Thumb Code   224  os_task.o(.text)
    OS_TaskSuspend                           0x0800e20b   Thumb Code   328  os_task.o(.text)
    OSTaskSuspend                            0x0800e353   Thumb Code    78  os_task.o(.text)
    OSTaskTimeQuantaSet                      0x0800e3a1   Thumb Code    96  os_task.o(.text)
    OS_TaskInit                              0x0800e401   Thumb Code    18  os_task.o(.text)
    OS_TaskReturn                            0x0800e413   Thumb Code    20  os_task.o(.text)
    OS_TickListRemove                        0x0800e451   Thumb Code    56  os_tick.o(.text)
    OS_TickListUpdate                        0x0800e489   Thumb Code   480  os_tick.o(.text)
    OS_TickTask                              0x0800e669   Thumb Code    38  os_tick.o(.text)
    OS_TickListInit                          0x0800e68f   Thumb Code    32  os_tick.o(.text)
    OS_TickTaskInit                          0x0800e6af   Thumb Code   130  os_tick.o(.text)
    OS_TickListInsert                        0x0800e731   Thumb Code   502  os_tick.o(.text)
    OS_TickListResetPeak                     0x0800e927   Thumb Code    28  os_tick.o(.text)
    OSTimeDly                                0x0800e94d   Thumb Code   266  os_time.o(.text)
    OSTimeDlyHMSM                            0x0800ea57   Thumb Code   480  os_time.o(.text)
    OSTimeDlyResume                          0x0800ec37   Thumb Code   466  os_time.o(.text)
    OSTimeGet                                0x0800ee09   Thumb Code    46  os_time.o(.text)
    OSTimeSet                                0x0800ee37   Thumb Code    46  os_time.o(.text)
    OSTimeTick                               0x0800ee65   Thumb Code    54  os_time.o(.text)
    OS_TmrDbgListAdd                         0x0800eeb1   Thumb Code    34  os_tmr.o(.text)
    OSTmrCreate                              0x0800eed3   Thumb Code   248  os_tmr.o(.text)
    OS_TmrClr                                0x0800efcb   Thumb Code    36  os_tmr.o(.text)
    OS_TmrUnlink                             0x0800efef   Thumb Code    72  os_tmr.o(.text)
    OS_TmrDbgListRemove                      0x0800f037   Thumb Code    44  os_tmr.o(.text)
    OSTmrDel                                 0x0800f063   Thumb Code   176  os_tmr.o(.text)
    OSTmrRemainGet                           0x0800f113   Thumb Code   184  os_tmr.o(.text)
    OS_TmrLink                               0x0800f1cb   Thumb Code   196  os_tmr.o(.text)
    OSTmrStart                               0x0800f28f   Thumb Code   210  os_tmr.o(.text)
    OSTmrStateGet                            0x0800f361   Thumb Code   134  os_tmr.o(.text)
    OSTmrStop                                0x0800f3e7   Thumb Code   232  os_tmr.o(.text)
    OS_TmrTask                               0x0800f4cf   Thumb Code   176  os_tmr.o(.text)
    OS_TmrInit                               0x0800f57f   Thumb Code   208  os_tmr.o(.text)
    OS_TmrResetPeak                          0x0800f64f   Thumb Code    28  os_tmr.o(.text)
    OSIdleTaskHook                           0x0800f6c9   Thumb Code    16  os_cpu_c.o(.text)
    OSInitHook                               0x0800f6d9   Thumb Code    28  os_cpu_c.o(.text)
    OSStatTaskHook                           0x0800f6f5   Thumb Code    16  os_cpu_c.o(.text)
    OSTaskCreateHook                         0x0800f705   Thumb Code    20  os_cpu_c.o(.text)
    OSTaskDelHook                            0x0800f719   Thumb Code    20  os_cpu_c.o(.text)
    OSTaskReturnHook                         0x0800f72d   Thumb Code    20  os_cpu_c.o(.text)
    OSTaskStkInit                            0x0800f741   Thumb Code   192  os_cpu_c.o(.text)
    OSTaskSwHook                             0x0800f801   Thumb Code   120  os_cpu_c.o(.text)
    OSTimeTickHook                           0x0800f879   Thumb Code    16  os_cpu_c.o(.text)
    OS_CPU_SysTickHandler                    0x0800f889   Thumb Code    52  os_cpu_c.o(.text)
    OS_CPU_SysTickInit                       0x0800f8bd   Thumb Code    44  os_cpu_c.o(.text)
    exfuns_init                              0x0800f929   Thumb Code   114  exfuns.o(.text)
    char_upper                               0x0800f99b   Thumb Code    26  exfuns.o(.text)
    f_typetell                               0x0800f9b5   Thumb Code   188  exfuns.o(.text)
    exf_getfree                              0x0800fa71   Thumb Code    74  exfuns.o(.text)
    disk_status                              0x0800fad1   Thumb Code     6  diskio.o(.text)
    disk_initialize                          0x0800fad7   Thumb Code    52  diskio.o(.text)
    disk_read                                0x0800fb0b   Thumb Code   122  diskio.o(.text)
    disk_write                               0x0800fb85   Thumb Code   122  diskio.o(.text)
    disk_ioctl                               0x0800fbff   Thumb Code   170  diskio.o(.text)
    get_fattime                              0x0800fca9   Thumb Code     4  diskio.o(.text)
    ff_memalloc                              0x0800fcad   Thumb Code    14  diskio.o(.text)
    ff_memfree                               0x0800fcbb   Thumb Code    14  diskio.o(.text)
    clust2sect                               0x0800fe87   Thumb Code    26  ff.o(.text)
    get_fat                                  0x0800fea1   Thumb Code   242  ff.o(.text)
    put_fat                                  0x0800ff93   Thumb Code   322  ff.o(.text)
    dir_sdi                                  0x08010249   Thumb Code   158  ff.o(.text)
    f_mount                                  0x080112d3   Thumb Code    86  ff.o(.text)
    f_open                                   0x08011329   Thumb Code   384  ff.o(.text)
    f_read                                   0x080114a9   Thumb Code   450  ff.o(.text)
    f_write                                  0x0801166b   Thumb Code   490  ff.o(.text)
    f_sync                                   0x08011855   Thumb Code   176  ff.o(.text)
    f_close                                  0x08011905   Thumb Code    32  ff.o(.text)
    f_lseek                                  0x08011925   Thumb Code   684  ff.o(.text)
    f_opendir                                0x08011bd1   Thumb Code   136  ff.o(.text)
    f_closedir                               0x08011c59   Thumb Code    22  ff.o(.text)
    f_readdir                                0x08011c6f   Thumb Code   114  ff.o(.text)
    f_stat                                   0x08011ce1   Thumb Code    84  ff.o(.text)
    f_getfree                                0x08011d35   Thumb Code   258  ff.o(.text)
    f_truncate                               0x08011e37   Thumb Code   184  ff.o(.text)
    f_unlink                                 0x08011eef   Thumb Code   190  ff.o(.text)
    f_mkdir                                  0x08011fad   Thumb Code   380  ff.o(.text)
    f_chmod                                  0x08012129   Thumb Code   112  ff.o(.text)
    f_rename                                 0x08012199   Thumb Code   290  ff.o(.text)
    f_utime                                  0x080122bb   Thumb Code   110  ff.o(.text)
    f_getlabel                               0x08012329   Thumb Code   190  ff.o(.text)
    f_setlabel                               0x080123e7   Thumb Code   482  ff.o(.text)
    f_mkfs                                   0x080125c9   Thumb Code  1578  ff.o(.text)
    f_gets                                   0x08012bf3   Thumb Code    82  ff.o(.text)
    f_putc                                   0x08012c89   Thumb Code    64  ff.o(.text)
    f_puts                                   0x08012cc9   Thumb Code    74  ff.o(.text)
    f_printf                                 0x08012d13   Thumb Code   674  ff.o(.text)
    ff_convert                               0x08012fb5   Thumb Code   116  cc936.o(.text)
    ff_wtoupper                              0x08013029   Thumb Code    46  cc936.o(.text)
    __use_no_semihosting                     0x08013069   Thumb Code     2  use_no_semi_2.o(.text)
    __aeabi_uldivmod                         0x0801306b   Thumb Code     0  lludivv7m.o(.text)
    _ll_udiv                                 0x0801306b   Thumb Code   238  lludivv7m.o(.text)
    __aeabi_ldivmod                          0x08013159   Thumb Code     0  llsdiv.o(.text)
    _ll_sdiv                                 0x08013159   Thumb Code    72  llsdiv.o(.text)
    __c89vsprintf                            0x080131a1   Thumb Code    32  c89vsprintf.o(.text)
    __2printf                                0x080131c5   Thumb Code    20  __2printf.o(.text)
    _printf_str                              0x080131dd   Thumb Code    82  _printf_str.o(.text)
    _printf_int_dec                          0x08013231   Thumb Code   104  _printf_dec.o(.text)
    _printf_longlong_hex                     0x080132a9   Thumb Code    86  _printf_hex_int_ll_ptr.o(.text)
    _printf_int_hex                          0x080132ff   Thumb Code    28  _printf_hex_int_ll_ptr.o(.text)
    _printf_ll_hex                           0x0801331b   Thumb Code    12  _printf_hex_int_ll_ptr.o(.text)
    _printf_hex_ptr                          0x08013327   Thumb Code    18  _printf_hex_int_ll_ptr.o(.text)
    __printf                                 0x0801333d   Thumb Code   388  __printf_flags_ss_wp.o(.text)
    strstr                                   0x080134c5   Thumb Code    36  strstr.o(.text)
    strcpy                                   0x080134e9   Thumb Code    72  strcpy.o(.text)
    strlen                                   0x08013531   Thumb Code    62  strlen.o(.text)
    __aeabi_memcpy                           0x0801356f   Thumb Code     0  rt_memcpy_v6.o(.text)
    __rt_memcpy                              0x0801356f   Thumb Code   138  rt_memcpy_v6.o(.text)
    _memcpy_lastbytes                        0x080135d5   Thumb Code     0  rt_memcpy_v6.o(.text)
    strcmp                                   0x080135f9   Thumb Code   128  strcmpv7m.o(.text)
    __use_two_region_memory                  0x08013679   Thumb Code     2  heapauxi.o(.text)
    __rt_heap_escrow$2region                 0x0801367b   Thumb Code     2  heapauxi.o(.text)
    __rt_heap_expand$2region                 0x0801367d   Thumb Code     2  heapauxi.o(.text)
    __I$use$semihosting                      0x0801367f   Thumb Code     0  use_no_semi.o(.text)
    __use_no_semihosting_swi                 0x0801367f   Thumb Code     2  use_no_semi.o(.text)
    _printf_pre_padding                      0x08013681   Thumb Code    44  _printf_pad.o(.text)
    _printf_post_padding                     0x080136ad   Thumb Code    34  _printf_pad.o(.text)
    _printf_truncate_signed                  0x080136cf   Thumb Code    18  _printf_truncate.o(.text)
    _printf_truncate_unsigned                0x080136e1   Thumb Code    18  _printf_truncate.o(.text)
    _printf_int_common                       0x080136f3   Thumb Code   178  _printf_intcommon.o(.text)
    _printf_charcount                        0x080137a5   Thumb Code    40  _printf_charcount.o(.text)
    _printf_char_common                      0x080137d7   Thumb Code    32  _printf_char_common.o(.text)
    _sputc                                   0x080137fd   Thumb Code    10  _sputc.o(.text)
    _printf_cs_common                        0x08013807   Thumb Code    20  _printf_char.o(.text)
    _printf_char                             0x0801381b   Thumb Code    16  _printf_char.o(.text)
    _printf_string                           0x0801382b   Thumb Code     8  _printf_char.o(.text)
    _printf_char_file                        0x08013835   Thumb Code    32  _printf_char_file.o(.text)
    _printf_wctomb                           0x08013859   Thumb Code   182  _printf_wctomb.o(.text)
    _printf_longlong_dec                     0x08013915   Thumb Code   108  _printf_longlong_dec.o(.text)
    _printf_longlong_oct                     0x08013991   Thumb Code    68  _printf_oct_int_ll.o(.text)
    _printf_int_oct                          0x080139d5   Thumb Code    24  _printf_oct_int_ll.o(.text)
    _printf_ll_oct                           0x080139ed   Thumb Code    12  _printf_oct_int_ll.o(.text)
    __aeabi_memcpy4                          0x08013a01   Thumb Code     0  rt_memcpy_w.o(.text)
    __aeabi_memcpy8                          0x08013a01   Thumb Code     0  rt_memcpy_w.o(.text)
    __rt_memcpy_w                            0x08013a01   Thumb Code   100  rt_memcpy_w.o(.text)
    _memcpy_lastbytes_aligned                0x08013a49   Thumb Code     0  rt_memcpy_w.o(.text)
    _ll_udiv10                               0x08013a65   Thumb Code   138  lludiv10.o(.text)
    __lib_sel_fp_printf                      0x08013aef   Thumb Code     2  _printf_fp_dec.o(.text)
    _printf_fp_dec_real                      0x08013c9d   Thumb Code   620  _printf_fp_dec.o(.text)
    _printf_lcs_common                       0x08013f09   Thumb Code    20  _printf_wchar.o(.text)
    _printf_wchar                            0x08013f1d   Thumb Code    16  _printf_wchar.o(.text)
    _printf_wstring                          0x08013f2d   Thumb Code     8  _printf_wchar.o(.text)
    ferror                                   0x08013f35   Thumb Code     8  ferror.o(.text)
    _wcrtomb                                 0x08013f3d   Thumb Code    64  _wcrtomb.o(.text)
    __user_setup_stackheap                   0x08013f7d   Thumb Code    74  sys_stackheap_outer.o(.text)
    __rt_ctype_table                         0x08013fc9   Thumb Code    16  rt_ctype_table.o(.text)
    __rt_locale                              0x08013fd9   Thumb Code     8  rt_locale_intlibspace.o(.text)
    _printf_fp_infnan                        0x08013fe1   Thumb Code   112  _printf_fp_infnan.o(.text)
    _btod_etento                             0x08014061   Thumb Code   216  bigflt0.o(.text)
    exit                                     0x0801413d   Thumb Code    18  exit.o(.text)
    __user_libspace                          0x08014151   Thumb Code     8  libspace.o(.text)
    __user_perproc_libspace                  0x08014151   Thumb Code     0  libspace.o(.text)
    __user_perthread_libspace                0x08014151   Thumb Code     0  libspace.o(.text)
    _btod_d2e                                0x08014159   Thumb Code    62  btod.o(CL$$btod_d2e)
    _d2e_denorm_low                          0x08014197   Thumb Code    70  btod.o(CL$$btod_d2e_denorm_low)
    _d2e_norm_op1                            0x080141dd   Thumb Code    96  btod.o(CL$$btod_d2e_norm_op1)
    __btod_div_common                        0x0801423d   Thumb Code   696  btod.o(CL$$btod_div_common)
    _e2e                                     0x08014575   Thumb Code   198  btod.o(CL$$btod_e2e)
    _btod_ediv                               0x0801463b   Thumb Code    40  btod.o(CL$$btod_ediv)
    _btod_emul                               0x08014663   Thumb Code    40  btod.o(CL$$btod_emul)
    __btod_mult_common                       0x0801468b   Thumb Code   580  btod.o(CL$$btod_mult_common)
    OSStartHighRdy                           0x080148d1   Thumb Code     0  os_cpu_a.o(CODE)
    OSCtxSw                                  0x080148f3   Thumb Code     0  os_cpu_a.o(CODE)
    OSIntCtxSw                               0x080148fd   Thumb Code     0  os_cpu_a.o(CODE)
    PendSV_Handler                           0x08014907   Thumb Code     0  os_cpu_a.o(CODE)
    __ARM_fpclassify                         0x08014969   Thumb Code    40  fpclassify.o(i.__ARM_fpclassify)
    _is_digit                                0x08014991   Thumb Code    14  __printf_wp.o(i._is_digit)
    _get_lc_numeric                          0x080149a1   Thumb Code    44  lc_numeric_c.o(locale$$code)
    _get_lc_ctype                            0x080149cd   Thumb Code    44  lc_ctype_c.o(locale$$code)
    __aeabi_d2f                              0x080149f9   Thumb Code     0  d2f.o(x$fpl$d2f)
    _d2f                                     0x080149f9   Thumb Code    98  d2f.o(x$fpl$d2f)
    __aeabi_ddiv                             0x08014a5d   Thumb Code     0  ddiv.o(x$fpl$ddiv)
    _ddiv                                    0x08014a5d   Thumb Code   552  ddiv.o(x$fpl$ddiv)
    __aeabi_dmul                             0x08014d0d   Thumb Code     0  dmul.o(x$fpl$dmul)
    _dmul                                    0x08014d0d   Thumb Code   332  dmul.o(x$fpl$dmul)
    __fpl_dnaninf                            0x08014e61   Thumb Code   156  dnaninf.o(x$fpl$dnaninf)
    __fpl_dretinf                            0x08014efd   Thumb Code    12  dretinf.o(x$fpl$dretinf)
    __aeabi_f2d                              0x08014f09   Thumb Code     0  f2d.o(x$fpl$f2d)
    _f2d                                     0x08014f09   Thumb Code    86  f2d.o(x$fpl$f2d)
    __aeabi_i2f                              0x08014f61   Thumb Code     0  fflt_clz.o(x$fpl$fflt)
    _fflt                                    0x08014f61   Thumb Code    48  fflt_clz.o(x$fpl$fflt)
    __fpl_fnaninf                            0x08014f91   Thumb Code   140  fnaninf.o(x$fpl$fnaninf)
    __fpl_fretinf                            0x0801501d   Thumb Code    10  fretinf.o(x$fpl$fretinf)
    _printf_fp_dec                           0x08015027   Thumb Code     4  printf1.o(x$fpl$printf1)
    __I$use$fp                               0x0801502a   Number         0  usenofp.o(x$fpl$usenofp)
    memtblsize                               0x0801502c   Data           8  malloc.o(.constdata)
    memblksize                               0x08015034   Data           8  malloc.o(.constdata)
    memsize                                  0x0801503c   Data           8  malloc.o(.constdata)
    CPU_EndiannessTest                       0x08015144   Data           4  cpu_core.o(.constdata)
    OSCfg_IdleTaskStkBasePtr                 0x080151dc   Data           4  os_cfg_app.o(.constdata)
    OSCfg_IdleTaskStkLimit                   0x080151e0   Data           4  os_cfg_app.o(.constdata)
    OSCfg_IdleTaskStkSize                    0x080151e4   Data           4  os_cfg_app.o(.constdata)
    OSCfg_IdleTaskStkSizeRAM                 0x080151e8   Data           4  os_cfg_app.o(.constdata)
    OSCfg_IntQBasePtr                        0x080151ec   Data           4  os_cfg_app.o(.constdata)
    OSCfg_IntQSize                           0x080151f0   Data           2  os_cfg_app.o(.constdata)
    OSCfg_IntQSizeRAM                        0x080151f4   Data           4  os_cfg_app.o(.constdata)
    OSCfg_IntQTaskStkBasePtr                 0x080151f8   Data           4  os_cfg_app.o(.constdata)
    OSCfg_IntQTaskStkLimit                   0x080151fc   Data           4  os_cfg_app.o(.constdata)
    OSCfg_IntQTaskStkSize                    0x08015200   Data           4  os_cfg_app.o(.constdata)
    OSCfg_IntQTaskStkSizeRAM                 0x08015204   Data           4  os_cfg_app.o(.constdata)
    OSCfg_ISRStkBasePtr                      0x08015208   Data           4  os_cfg_app.o(.constdata)
    OSCfg_ISRStkSize                         0x0801520c   Data           4  os_cfg_app.o(.constdata)
    OSCfg_ISRStkSizeRAM                      0x08015210   Data           4  os_cfg_app.o(.constdata)
    OSCfg_MsgPoolSize                        0x08015214   Data           2  os_cfg_app.o(.constdata)
    OSCfg_MsgPoolSizeRAM                     0x08015218   Data           4  os_cfg_app.o(.constdata)
    OSCfg_MsgPoolBasePtr                     0x0801521c   Data           4  os_cfg_app.o(.constdata)
    OSCfg_StatTaskPrio                       0x08015220   Data           1  os_cfg_app.o(.constdata)
    OSCfg_StatTaskRate_Hz                    0x08015224   Data           4  os_cfg_app.o(.constdata)
    OSCfg_StatTaskStkBasePtr                 0x08015228   Data           4  os_cfg_app.o(.constdata)
    OSCfg_StatTaskStkLimit                   0x0801522c   Data           4  os_cfg_app.o(.constdata)
    OSCfg_StatTaskStkSize                    0x08015230   Data           4  os_cfg_app.o(.constdata)
    OSCfg_StatTaskStkSizeRAM                 0x08015234   Data           4  os_cfg_app.o(.constdata)
    OSCfg_StkSizeMin                         0x08015238   Data           4  os_cfg_app.o(.constdata)
    OSCfg_TickRate_Hz                        0x0801523c   Data           4  os_cfg_app.o(.constdata)
    OSCfg_TickTaskPrio                       0x08015240   Data           1  os_cfg_app.o(.constdata)
    OSCfg_TickTaskStkBasePtr                 0x08015244   Data           4  os_cfg_app.o(.constdata)
    OSCfg_TickTaskStkLimit                   0x08015248   Data           4  os_cfg_app.o(.constdata)
    OSCfg_TickTaskStkSize                    0x0801524c   Data           4  os_cfg_app.o(.constdata)
    OSCfg_TickTaskStkSizeRAM                 0x08015250   Data           4  os_cfg_app.o(.constdata)
    OSCfg_TickWheelSize                      0x08015254   Data           2  os_cfg_app.o(.constdata)
    OSCfg_TickWheelSizeRAM                   0x08015258   Data           4  os_cfg_app.o(.constdata)
    OSCfg_TmrTaskPrio                        0x0801525c   Data           1  os_cfg_app.o(.constdata)
    OSCfg_TmrTaskRate_Hz                     0x08015260   Data           4  os_cfg_app.o(.constdata)
    OSCfg_TmrTaskStkBasePtr                  0x08015264   Data           4  os_cfg_app.o(.constdata)
    OSCfg_TmrTaskStkLimit                    0x08015268   Data           4  os_cfg_app.o(.constdata)
    OSCfg_TmrTaskStkSize                     0x0801526c   Data           4  os_cfg_app.o(.constdata)
    OSCfg_TmrTaskStkSizeRAM                  0x08015270   Data           4  os_cfg_app.o(.constdata)
    OSCfg_TmrWheelSize                       0x08015274   Data           2  os_cfg_app.o(.constdata)
    OSCfg_TmrWheelSizeRAM                    0x08015278   Data           4  os_cfg_app.o(.constdata)
    OSCfg_DataSizeRAM                        0x0801527c   Data           4  os_cfg_app.o(.constdata)
    OSDbg_DbgEn                              0x08015280   Data           2  os_dbg.o(.constdata)
    OSDbg_ArgChkEn                           0x08015282   Data           1  os_dbg.o(.constdata)
    OSDbg_AppHooksEn                         0x08015283   Data           1  os_dbg.o(.constdata)
    OSDbg_EndiannessTest                     0x08015284   Data           4  os_dbg.o(.constdata)
    OSDbg_CalledFromISRChkEn                 0x08015288   Data           1  os_dbg.o(.constdata)
    OSDbg_FlagEn                             0x08015289   Data           1  os_dbg.o(.constdata)
    OSDbg_FlagGrp                            0x0801528c   Data          40  os_dbg.o(.constdata)
    OSDbg_FlagDelEn                          0x080152b4   Data           1  os_dbg.o(.constdata)
    OSDbg_FlagModeClrEn                      0x080152b5   Data           1  os_dbg.o(.constdata)
    OSDbg_FlagPendAbortEn                    0x080152b6   Data           1  os_dbg.o(.constdata)
    OSDbg_FlagGrpSize                        0x080152b8   Data           2  os_dbg.o(.constdata)
    OSDbg_FlagWidth                          0x080152ba   Data           2  os_dbg.o(.constdata)
    OSDbg_IntQ                               0x080152bc   Data           2  os_dbg.o(.constdata)
    OSDbg_ISRPostDeferredEn                  0x080152be   Data           1  os_dbg.o(.constdata)
    OSDbg_Mem                                0x080152c0   Data          32  os_dbg.o(.constdata)
    OSDbg_MemEn                              0x080152e0   Data           1  os_dbg.o(.constdata)
    OSDbg_MemSize                            0x080152e2   Data           2  os_dbg.o(.constdata)
    OSDbg_MsgEn                              0x080152e4   Data           1  os_dbg.o(.constdata)
    OSDbg_MsgSize                            0x080152e6   Data           2  os_dbg.o(.constdata)
    OSDbg_MsgPoolSize                        0x080152e8   Data           2  os_dbg.o(.constdata)
    OSDbg_MsgQSize                           0x080152ea   Data           2  os_dbg.o(.constdata)
    OSDbg_Mutex                              0x080152ec   Data          44  os_dbg.o(.constdata)
    OSDbg_MutexEn                            0x08015318   Data           1  os_dbg.o(.constdata)
    OSDbg_MutexDelEn                         0x08015319   Data           1  os_dbg.o(.constdata)
    OSDbg_MutexPendAbortEn                   0x0801531a   Data           1  os_dbg.o(.constdata)
    OSDbg_MutexSize                          0x0801531c   Data           2  os_dbg.o(.constdata)
    OSDbg_ObjTypeChkEn                       0x0801531e   Data           1  os_dbg.o(.constdata)
    OSDbg_PendMultiEn                        0x0801531f   Data           1  os_dbg.o(.constdata)
    OSDbg_PendDataSize                       0x08015320   Data           2  os_dbg.o(.constdata)
    OSDbg_PendListSize                       0x08015322   Data           2  os_dbg.o(.constdata)
    OSDbg_PendObjSize                        0x08015324   Data           2  os_dbg.o(.constdata)
    OSDbg_PrioMax                            0x08015326   Data           2  os_dbg.o(.constdata)
    OSDbg_PrioTblSize                        0x08015328   Data           2  os_dbg.o(.constdata)
    OSDbg_PtrSize                            0x0801532a   Data           2  os_dbg.o(.constdata)
    OSDbg_Q                                  0x0801532c   Data          48  os_dbg.o(.constdata)
    OSDbg_QEn                                0x0801535c   Data           1  os_dbg.o(.constdata)
    OSDbg_QDelEn                             0x0801535d   Data           1  os_dbg.o(.constdata)
    OSDbg_QFlushEn                           0x0801535e   Data           1  os_dbg.o(.constdata)
    OSDbg_QPendAbortEn                       0x0801535f   Data           1  os_dbg.o(.constdata)
    OSDbg_QSize                              0x08015360   Data           2  os_dbg.o(.constdata)
    OSDbg_SchedRoundRobinEn                  0x08015362   Data           1  os_dbg.o(.constdata)
    OSDbg_Sem                                0x08015364   Data          40  os_dbg.o(.constdata)
    OSDbg_SemEn                              0x0801538c   Data           1  os_dbg.o(.constdata)
    OSDbg_SemDelEn                           0x0801538d   Data           1  os_dbg.o(.constdata)
    OSDbg_SemPendAbortEn                     0x0801538e   Data           1  os_dbg.o(.constdata)
    OSDbg_SemSetEn                           0x0801538f   Data           1  os_dbg.o(.constdata)
    OSDbg_SemSize                            0x08015390   Data           2  os_dbg.o(.constdata)
    OSDbg_RdyList                            0x08015392   Data           2  os_dbg.o(.constdata)
    OSDbg_RdyListSize                        0x08015394   Data           4  os_dbg.o(.constdata)
    OSDbg_StkWidth                           0x08015398   Data           1  os_dbg.o(.constdata)
    OSDbg_StatTaskEn                         0x08015399   Data           1  os_dbg.o(.constdata)
    OSDbg_StatTaskStkChkEn                   0x0801539a   Data           1  os_dbg.o(.constdata)
    OSDbg_TaskChangePrioEn                   0x0801539b   Data           1  os_dbg.o(.constdata)
    OSDbg_TaskDelEn                          0x0801539c   Data           1  os_dbg.o(.constdata)
    OSDbg_TaskQEn                            0x0801539d   Data           1  os_dbg.o(.constdata)
    OSDbg_TaskQPendAbortEn                   0x0801539e   Data           1  os_dbg.o(.constdata)
    OSDbg_TaskProfileEn                      0x0801539f   Data           1  os_dbg.o(.constdata)
    OSDbg_TaskRegTblSize                     0x080153a0   Data           2  os_dbg.o(.constdata)
    OSDbg_TaskSemPendAbortEn                 0x080153a2   Data           1  os_dbg.o(.constdata)
    OSDbg_TaskSuspendEn                      0x080153a3   Data           1  os_dbg.o(.constdata)
    OSDbg_TCBSize                            0x080153a4   Data           2  os_dbg.o(.constdata)
    OSDbg_TickSpokeSize                      0x080153a6   Data           2  os_dbg.o(.constdata)
    OSDbg_TimeDlyHMSMEn                      0x080153a8   Data           1  os_dbg.o(.constdata)
    OSDbg_TimeDlyResumeEn                    0x080153a9   Data           1  os_dbg.o(.constdata)
    OSDbg_TLS_TblSize                        0x080153aa   Data           2  os_dbg.o(.constdata)
    OSDbg_Tmr                                0x080153ac   Data          52  os_dbg.o(.constdata)
    OSDbg_TmrEn                              0x080153e0   Data           1  os_dbg.o(.constdata)
    OSDbg_TmrDelEn                           0x080153e1   Data           1  os_dbg.o(.constdata)
    OSDbg_TmrSize                            0x080153e2   Data           2  os_dbg.o(.constdata)
    OSDbg_TmrSpokeSize                       0x080153e4   Data           2  os_dbg.o(.constdata)
    OSDbg_VersionNbr                         0x080153e6   Data           2  os_dbg.o(.constdata)
    OSDbg_DataSize                           0x080153e8   Data           4  os_dbg.o(.constdata)
    FILE_TYPE_TBL                            0x080153ec   Data         312  exfuns.o(.constdata)
    Region$$Table$$Base                      0x08040360   Number         0  anon$$obj.o(Region$$Table)
    Region$$Table$$Limit                     0x08040380   Number         0  anon$$obj.o(Region$$Table)
    __ctype                                  0x080403a9   Data           0  lc_ctype_c.o(locale$$data)
    SystemCoreClock                          0x20000000   Data           4  system_stm32f10x.o(.data)
    AHBPrescTable                            0x20000004   Data          16  system_stm32f10x.o(.data)
    USART3_RX_STA                            0x20000014   Data           2  usart3.o(.data)
    TransferError                            0x20000022   Data           1  sdio_sdcard.o(.data)
    TransferEnd                              0x20000023   Data           1  sdio_sdcard.o(.data)
    tempbuff                                 0x20000024   Data           4  sdio_sdcard.o(.data)
    W25QXX_TYPE                              0x20000028   Data           2  w25qxx.o(.data)
    mallco_dev                               0x2000002c   Data          28  malloc.o(.data)
    __stdout                                 0x2000004c   Data           4  usart.o(.data)
    USART_RX_STA                             0x20000050   Data           2  usart.o(.data)
    CPU_TS_TmrFreq_Hz                        0x20000068   Data           4  cpu_core.o(.data)
    Mem_PoolTbl                              0x2000006c   Data           4  lib_mem.o(.data)
    OSPrioTbl                                0x20000070   Data           8  os_prio.o(.data)
    OS_AppTaskCreateHookPtr                  0x20000078   Data           4  os_var.o(.data)
    OS_AppTaskDelHookPtr                     0x2000007c   Data           4  os_var.o(.data)
    OS_AppTaskReturnHookPtr                  0x20000080   Data           4  os_var.o(.data)
    OS_AppIdleTaskHookPtr                    0x20000084   Data           4  os_var.o(.data)
    OS_AppStatTaskHookPtr                    0x20000088   Data           4  os_var.o(.data)
    OS_AppTaskSwHookPtr                      0x2000008c   Data           4  os_var.o(.data)
    OS_AppTimeTickHookPtr                    0x20000090   Data           4  os_var.o(.data)
    OSIdleTaskCtr                            0x20000094   Data           4  os_var.o(.data)
    OSIntNestingCtr                          0x20000098   Data           1  os_var.o(.data)
    OSRunning                                0x20000099   Data           1  os_var.o(.data)
    OSIntQInPtr                              0x2000009c   Data           4  os_var.o(.data)
    OSIntQOutPtr                             0x200000a0   Data           4  os_var.o(.data)
    OSIntQNbrEntries                         0x200000a4   Data           2  os_var.o(.data)
    OSIntQNbrEntriesMax                      0x200000a6   Data           2  os_var.o(.data)
    OSIntQOvfCtr                             0x200000a8   Data           2  os_var.o(.data)
    OSIntQTaskTimeMax                        0x200000ac   Data           4  os_var.o(.data)
    OSFlagDbgListPtr                         0x200000b0   Data           4  os_var.o(.data)
    OSFlagQty                                0x200000b4   Data           2  os_var.o(.data)
    OSMemDbgListPtr                          0x200000b8   Data           4  os_var.o(.data)
    OSMemQty                                 0x200000bc   Data           2  os_var.o(.data)
    OSMutexDbgListPtr                        0x200000c0   Data           4  os_var.o(.data)
    OSMutexQty                               0x200000c4   Data           2  os_var.o(.data)
    OSPrioCur                                0x200000c6   Data           1  os_var.o(.data)
    OSPrioHighRdy                            0x200000c7   Data           1  os_var.o(.data)
    OSPrioSaved                              0x200000c8   Data           1  os_var.o(.data)
    OSQDbgListPtr                            0x200000cc   Data           4  os_var.o(.data)
    OSQQty                                   0x200000d0   Data           2  os_var.o(.data)
    OSSchedLockTimeBegin                     0x200000d4   Data           4  os_var.o(.data)
    OSSchedLockTimeMax                       0x200000d8   Data           4  os_var.o(.data)
    OSSchedLockTimeMaxCur                    0x200000dc   Data           4  os_var.o(.data)
    OSSchedLockNestingCtr                    0x200000e0   Data           1  os_var.o(.data)
    OSSchedRoundRobinDfltTimeQuanta          0x200000e4   Data           4  os_var.o(.data)
    OSSchedRoundRobinEn                      0x200000e8   Data           1  os_var.o(.data)
    OSSemDbgListPtr                          0x200000ec   Data           4  os_var.o(.data)
    OSSemQty                                 0x200000f0   Data           2  os_var.o(.data)
    OSStatResetFlag                          0x200000f2   Data           1  os_var.o(.data)
    OSStatTaskCPUUsage                       0x200000f4   Data           2  os_var.o(.data)
    OSStatTaskCPUUsageMax                    0x200000f6   Data           2  os_var.o(.data)
    OSStatTaskCtr                            0x200000f8   Data           4  os_var.o(.data)
    OSStatTaskCtrMax                         0x200000fc   Data           4  os_var.o(.data)
    OSStatTaskCtrRun                         0x20000100   Data           4  os_var.o(.data)
    OSStatTaskRdy                            0x20000104   Data           1  os_var.o(.data)
    OSStatTaskTimeMax                        0x20000108   Data           4  os_var.o(.data)
    OSTaskCtxSwCtr                           0x2000010c   Data           4  os_var.o(.data)
    OSTaskDbgListPtr                         0x20000110   Data           4  os_var.o(.data)
    OSTaskQty                                0x20000114   Data           2  os_var.o(.data)
    OSTaskRegNextAvailID                     0x20000116   Data           1  os_var.o(.data)
    OSTickCtr                                0x20000118   Data           4  os_var.o(.data)
    OSTickTaskTimeMax                        0x2000011c   Data           4  os_var.o(.data)
    OSTmrDbgListPtr                          0x20000120   Data           4  os_var.o(.data)
    OSTmrQty                                 0x20000124   Data           2  os_var.o(.data)
    OSTmrTaskTimeMax                         0x20000128   Data           4  os_var.o(.data)
    OSTmrTickCtr                             0x2000012c   Data           4  os_var.o(.data)
    OSTmrUpdateCnt                           0x20000130   Data           4  os_var.o(.data)
    OSTmrUpdateCtr                           0x20000134   Data           4  os_var.o(.data)
    OSTCBCurPtr                              0x20000138   Data           4  os_var.o(.data)
    OSTCBHighRdyPtr                          0x2000013c   Data           4  os_var.o(.data)
    OS_CPU_ExceptStkBase                     0x20000140   Data           4  os_cpu_c.o(.data)
    fs                                       0x20000144   Data           8  exfuns.o(.data)
    file                                     0x2000014c   Data           4  exfuns.o(.data)
    ftemp                                    0x20000150   Data           4  exfuns.o(.data)
    br                                       0x20000154   Data           4  exfuns.o(.data)
    bw                                       0x20000158   Data           4  exfuns.o(.data)
    fatbuf                                   0x2000015c   Data           4  exfuns.o(.data)
    FLASH_SECTOR_COUNT                       0x20000160   Data           2  diskio.o(.data)
    StartTaskTCB                             0x20000170   Data         196  test.o(.bss)
    START_TASK_STK                           0x20000234   Data        2048  test.o(.bss)
    WifiDealTaskTCB                          0x20000a34   Data         196  test.o(.bss)
    Wifi_Deal_TASK_STK                       0x20000af8   Data         512  test.o(.bss)
    AcqusitionDealTaskTCB                    0x20000cf8   Data         196  test.o(.bss)
    Acquisition_Deal_TASK_STK                0x20000dbc   Data         512  test.o(.bss)
    MonitorDealTaskTCB                       0x20000fbc   Data         196  test.o(.bss)
    Monitor_Deal_TASK_STK                    0x20001080   Data         512  test.o(.bss)
    wifi_deal_tmr                            0x20001280   Data          52  test.o(.bss)
    monitor_deal_tmr                         0x200012b4   Data          52  test.o(.bss)
    USART3_RX_BUF                            0x200012e8   Data         600  usart3.o(.bss)
    USART3_TX_BUF                            0x20001540   Data         600  usart3.o(.bss)
    SDIO_InitStructure                       0x20001798   Data          24  sdio_sdcard.o(.bss)
    SDIO_CmdInitStructure                    0x200017b0   Data          20  sdio_sdcard.o(.bss)
    SDIO_DataInitStructure                   0x200017c4   Data          24  sdio_sdcard.o(.bss)
    SDCardInfo                               0x20001800   Data          88  sdio_sdcard.o(.bss)
    SDIO_DATA_BUFFER                         0x20001858   Data         512  sdio_sdcard.o(.bss)
    W25QXX_BUFFER                            0x20001a58   Data        4096  w25qxx.o(.bss)
    AcqusitionTaskTCB                        0x20002a58   Data         196  acquisition.o(.bss)
    ACQUISITION_TASK_STK                     0x20002b1c   Data         512  acquisition.o(.bss)
    DateACQPara                              0x20002d1c   Data         192  data.o(.bss)
    mem1base                                 0x20002de0   Data       40960  malloc.o(.bss)
    mem1mapbase                              0x2000cde0   Data        2560  malloc.o(.bss)
    USART_RX_BUF                             0x2000d7e0   Data         200  usart.o(.bss)
    CPU_Name                                 0x2000d8a8   Data          16  cpu_core.o(.bss)
    Mem_PoolHeap                             0x2000d8b8   Data          72  lib_mem.o(.bss)
    Mem_Heap                                 0x2000d900   Data        1024  lib_mem.o(.bss)
    OSCfg_IdleTaskStk                        0x2000dd00   Data         512  os_cfg_app.o(.bss)
    OSCfg_IntQ                               0x2000df00   Data         320  os_cfg_app.o(.bss)
    OSCfg_IntQTaskStk                        0x2000e040   Data         512  os_cfg_app.o(.bss)
    OSCfg_ISRStk                             0x2000e240   Data         512  os_cfg_app.o(.bss)
    OSCfg_MsgPool                            0x2000e440   Data        1600  os_cfg_app.o(.bss)
    OSCfg_StatTaskStk                        0x2000ea80   Data         512  os_cfg_app.o(.bss)
    OSCfg_TickTaskStk                        0x2000ec80   Data         512  os_cfg_app.o(.bss)
    OSCfg_TickWheel                          0x2000ee80   Data         136  os_cfg_app.o(.bss)
    OSCfg_TmrTaskStk                         0x2000ef08   Data         512  os_cfg_app.o(.bss)
    OSCfg_TmrWheel                           0x2000f108   Data         136  os_cfg_app.o(.bss)
    OSIdleTaskTCB                            0x2000f190   Data         196  os_var.o(.bss)
    OSIntQTaskTCB                            0x2000f254   Data         196  os_var.o(.bss)
    OSMsgPool                                0x2000f318   Data          12  os_var.o(.bss)
    OSRdyList                                0x2000f324   Data         768  os_var.o(.bss)
    OSStatTaskTCB                            0x2000f624   Data         196  os_var.o(.bss)
    OSTickTaskTCB                            0x2000f6e8   Data         196  os_var.o(.bss)
    OSTmrTaskTCB                             0x2000f7ac   Data         196  os_var.o(.bss)
    __libspace_start                         0x2000f870   Data          96  libspace.o(.bss)
    __temporary_stack_top$libspace           0x2000f8d0   Data           0  libspace.o(.bss)
    mem2base                                 0x68000000   Data       983040  malloc.o(.ARM.__AT_0x68000000)
    mem2mapbase                              0x680f0000   Data       61440  malloc.o(.ARM.__AT_0x680F0000)



==============================================================================

Memory Map of the image

  Image Entry point : 0x08000131

  Load Region LR_IROM1 (Base: 0x08000000, Size: 0x0004061c, Max: 0x00080000, ABSOLUTE, COMPRESSED[0x000404e4])

    Execution Region ER_IROM1 (Base: 0x08000000, Size: 0x000404ac, Max: 0x00080000, ABSOLUTE)

    Base Addr    Size         Type   Attr      Idx    E Section Name        Object

    0x08000000   0x00000130   Data   RO          549    RESET               startup_stm32f10x_hd.o
    0x08000130   0x00000008   Code   RO         1270  * !!!main             c_w.l(__main.o)
    0x08000138   0x00000034   Code   RO         1569    !!!scatter          c_w.l(__scatter.o)
    0x0800016c   0x0000005a   Code   RO         1567    !!dczerorl2         c_w.l(__dczerorl2.o)
    0x080001c6   0x00000002   PAD
    0x080001c8   0x0000001c   Code   RO         1571    !!handler_zi        c_w.l(__scatter_zi.o)
    0x080001e4   0x00000000   Code   RO         1257    .ARM.Collect$$_printf_percent$$00000000  c_w.l(_printf_percent.o)
    0x080001e4   0x00000006   Code   RO         1322    .ARM.Collect$$_printf_percent$$00000001  c_w.l(_printf_n.o)
    0x080001ea   0x00000006   Code   RO         1255    .ARM.Collect$$_printf_percent$$00000002  c_w.l(_printf_p.o)
    0x080001f0   0x00000006   Code   RO         1326    .ARM.Collect$$_printf_percent$$00000003  c_w.l(_printf_f.o)
    0x080001f6   0x00000006   Code   RO         1327    .ARM.Collect$$_printf_percent$$00000004  c_w.l(_printf_e.o)
    0x080001fc   0x00000006   Code   RO         1328    .ARM.Collect$$_printf_percent$$00000005  c_w.l(_printf_g.o)
    0x08000202   0x00000006   Code   RO         1329    .ARM.Collect$$_printf_percent$$00000006  c_w.l(_printf_a.o)
    0x08000208   0x0000000a   Code   RO         1334    .ARM.Collect$$_printf_percent$$00000007  c_w.l(_printf_ll.o)
    0x08000212   0x00000006   Code   RO         1324    .ARM.Collect$$_printf_percent$$00000008  c_w.l(_printf_i.o)
    0x08000218   0x00000006   Code   RO         1256    .ARM.Collect$$_printf_percent$$00000009  c_w.l(_printf_d.o)
    0x0800021e   0x00000006   Code   RO         1325    .ARM.Collect$$_printf_percent$$0000000A  c_w.l(_printf_u.o)
    0x08000224   0x00000006   Code   RO         1323    .ARM.Collect$$_printf_percent$$0000000B  c_w.l(_printf_o.o)
    0x0800022a   0x00000006   Code   RO         1254    .ARM.Collect$$_printf_percent$$0000000C  c_w.l(_printf_x.o)
    0x08000230   0x00000006   Code   RO         1331    .ARM.Collect$$_printf_percent$$0000000D  c_w.l(_printf_lli.o)
    0x08000236   0x00000006   Code   RO         1332    .ARM.Collect$$_printf_percent$$0000000E  c_w.l(_printf_lld.o)
    0x0800023c   0x00000006   Code   RO         1333    .ARM.Collect$$_printf_percent$$0000000F  c_w.l(_printf_llu.o)
    0x08000242   0x00000006   Code   RO         1338    .ARM.Collect$$_printf_percent$$00000010  c_w.l(_printf_llo.o)
    0x08000248   0x00000006   Code   RO         1339    .ARM.Collect$$_printf_percent$$00000011  c_w.l(_printf_llx.o)
    0x0800024e   0x0000000a   Code   RO         1335    .ARM.Collect$$_printf_percent$$00000012  c_w.l(_printf_l.o)
    0x08000258   0x00000006   Code   RO         1252    .ARM.Collect$$_printf_percent$$00000013  c_w.l(_printf_c.o)
    0x0800025e   0x00000006   Code   RO         1253    .ARM.Collect$$_printf_percent$$00000014  c_w.l(_printf_s.o)
    0x08000264   0x00000006   Code   RO         1336    .ARM.Collect$$_printf_percent$$00000015  c_w.l(_printf_lc.o)
    0x0800026a   0x00000006   Code   RO         1337    .ARM.Collect$$_printf_percent$$00000016  c_w.l(_printf_ls.o)
    0x08000270   0x00000004   Code   RO         1330    .ARM.Collect$$_printf_percent$$00000017  c_w.l(_printf_percent_end.o)
    0x08000274   0x00000002   Code   RO         1434    .ARM.Collect$$libinit$$00000000  c_w.l(libinit.o)
    0x08000276   0x00000000   Code   RO         1454    .ARM.Collect$$libinit$$00000002  c_w.l(libinit2.o)
    0x08000276   0x00000000   Code   RO         1456    .ARM.Collect$$libinit$$00000004  c_w.l(libinit2.o)
    0x08000276   0x00000000   Code   RO         1459    .ARM.Collect$$libinit$$0000000A  c_w.l(libinit2.o)
    0x08000276   0x00000000   Code   RO         1461    .ARM.Collect$$libinit$$0000000C  c_w.l(libinit2.o)
    0x08000276   0x00000000   Code   RO         1463    .ARM.Collect$$libinit$$0000000E  c_w.l(libinit2.o)
    0x08000276   0x00000006   Code   RO         1464    .ARM.Collect$$libinit$$0000000F  c_w.l(libinit2.o)
    0x0800027c   0x00000000   Code   RO         1466    .ARM.Collect$$libinit$$00000011  c_w.l(libinit2.o)
    0x0800027c   0x0000000c   Code   RO         1467    .ARM.Collect$$libinit$$00000012  c_w.l(libinit2.o)
    0x08000288   0x00000000   Code   RO         1468    .ARM.Collect$$libinit$$00000013  c_w.l(libinit2.o)
    0x08000288   0x00000000   Code   RO         1470    .ARM.Collect$$libinit$$00000015  c_w.l(libinit2.o)
    0x08000288   0x0000000a   Code   RO         1471    .ARM.Collect$$libinit$$00000016  c_w.l(libinit2.o)
    0x08000292   0x00000000   Code   RO         1472    .ARM.Collect$$libinit$$00000017  c_w.l(libinit2.o)
    0x08000292   0x00000000   Code   RO         1474    .ARM.Collect$$libinit$$00000019  c_w.l(libinit2.o)
    0x08000292   0x00000000   Code   RO         1476    .ARM.Collect$$libinit$$0000001B  c_w.l(libinit2.o)
    0x08000292   0x00000000   Code   RO         1478    .ARM.Collect$$libinit$$0000001D  c_w.l(libinit2.o)
    0x08000292   0x00000000   Code   RO         1480    .ARM.Collect$$libinit$$0000001F  c_w.l(libinit2.o)
    0x08000292   0x00000000   Code   RO         1482    .ARM.Collect$$libinit$$00000021  c_w.l(libinit2.o)
    0x08000292   0x00000000   Code   RO         1484    .ARM.Collect$$libinit$$00000023  c_w.l(libinit2.o)
    0x08000292   0x00000000   Code   RO         1486    .ARM.Collect$$libinit$$00000025  c_w.l(libinit2.o)
    0x08000292   0x00000000   Code   RO         1490    .ARM.Collect$$libinit$$0000002C  c_w.l(libinit2.o)
    0x08000292   0x00000000   Code   RO         1492    .ARM.Collect$$libinit$$0000002E  c_w.l(libinit2.o)
    0x08000292   0x00000000   Code   RO         1494    .ARM.Collect$$libinit$$00000030  c_w.l(libinit2.o)
    0x08000292   0x00000000   Code   RO         1496    .ARM.Collect$$libinit$$00000032  c_w.l(libinit2.o)
    0x08000292   0x00000002   Code   RO         1497    .ARM.Collect$$libinit$$00000033  c_w.l(libinit2.o)
    0x08000294   0x00000002   Code   RO         1523    .ARM.Collect$$libshutdown$$00000000  c_w.l(libshutdown.o)
    0x08000296   0x00000000   Code   RO         1550    .ARM.Collect$$libshutdown$$00000002  c_w.l(libshutdown2.o)
    0x08000296   0x00000000   Code   RO         1552    .ARM.Collect$$libshutdown$$00000004  c_w.l(libshutdown2.o)
    0x08000296   0x00000000   Code   RO         1555    .ARM.Collect$$libshutdown$$00000007  c_w.l(libshutdown2.o)
    0x08000296   0x00000000   Code   RO         1558    .ARM.Collect$$libshutdown$$0000000A  c_w.l(libshutdown2.o)
    0x08000296   0x00000000   Code   RO         1560    .ARM.Collect$$libshutdown$$0000000C  c_w.l(libshutdown2.o)
    0x08000296   0x00000000   Code   RO         1563    .ARM.Collect$$libshutdown$$0000000F  c_w.l(libshutdown2.o)
    0x08000296   0x00000002   Code   RO         1564    .ARM.Collect$$libshutdown$$00000010  c_w.l(libshutdown2.o)
    0x08000298   0x00000000   Code   RO         1290    .ARM.Collect$$rtentry$$00000000  c_w.l(__rtentry.o)
    0x08000298   0x00000000   Code   RO         1354    .ARM.Collect$$rtentry$$00000002  c_w.l(__rtentry2.o)
    0x08000298   0x00000006   Code   RO         1366    .ARM.Collect$$rtentry$$00000004  c_w.l(__rtentry4.o)
    0x0800029e   0x00000000   Code   RO         1356    .ARM.Collect$$rtentry$$00000009  c_w.l(__rtentry2.o)
    0x0800029e   0x00000004   Code   RO         1357    .ARM.Collect$$rtentry$$0000000A  c_w.l(__rtentry2.o)
    0x080002a2   0x00000000   Code   RO         1359    .ARM.Collect$$rtentry$$0000000C  c_w.l(__rtentry2.o)
    0x080002a2   0x00000008   Code   RO         1360    .ARM.Collect$$rtentry$$0000000D  c_w.l(__rtentry2.o)
    0x080002aa   0x00000002   Code   RO         1442    .ARM.Collect$$rtexit$$00000000  c_w.l(rtexit.o)
    0x080002ac   0x00000000   Code   RO         1499    .ARM.Collect$$rtexit$$00000002  c_w.l(rtexit2.o)
    0x080002ac   0x00000004   Code   RO         1500    .ARM.Collect$$rtexit$$00000003  c_w.l(rtexit2.o)
    0x080002b0   0x00000006   Code   RO         1501    .ARM.Collect$$rtexit$$00000004  c_w.l(rtexit2.o)
    0x080002b6   0x00000016   Code   RO            1    .text               stm32f10x_it.o
    0x080002cc   0x000001e0   Code   RO           65    .text               system_stm32f10x.o
    0x080004ac   0x000003ec   Code   RO           83    .text               test.o
    0x08000898   0x00000100   Code   RO          261    .text               ipm.o
    0x08000998   0x00000094   Code   RO          273    .text               power.o
    0x08000a2c   0x0000017c   Code   RO          285    .text               usart3.o
    0x08000ba8   0x000000a8   Code   RO          314    .text               timer.o
    0x08000c50   0x000001b4   Code   RO          327    .text               sram.o
    0x08000e04   0x00001c3c   Code   RO          343    .text               sdio_sdcard.o
    0x08002a40   0x00000360   Code   RO          369    .text               w25qxx.o
    0x08002da0   0x00000134   Code   RO          391    .text               spi.o
    0x08002ed4   0x0000010c   Code   RO          403    .text               acquisition.o
    0x08002fe0   0x0000028c   Code   RO          418    .text               cs5532.o
    0x0800326c   0x000000e8   Code   RO          430    .text               adc.o
    0x08003354   0x000008f4   Code   RO          442    .text               data.o
    0x08003c48   0x0000022c   Code   RO          461    .text               malloc.o
    0x08003e74   0x0000014c   Code   RO          483    .text               delay.o
    0x08003fc0   0x0000000c   Code   RO          498    .text               sys.o
    0x08003fcc   0x00000150   Code   RO          514    .text               usart.o
    0x0800411c   0x00000040   Code   RO          550    .text               startup_stm32f10x_hd.o
    0x0800415c   0x000000dc   Code   RO          554    .text               misc.o
    0x08004238   0x0000035c   Code   RO          566    .text               stm32f10x_gpio.o
    0x08004594   0x00000408   Code   RO          578    .text               stm32f10x_usart.o
    0x0800499c   0x000003a4   Code   RO          590    .text               stm32f10x_rcc.o
    0x08004d40   0x00000e1a   Code   RO          604    .text               stm32f10x_tim.o
    0x08005b5a   0x00000002   PAD
    0x08005b5c   0x000001d4   Code   RO          616    .text               stm32f10x_sdio.o
    0x08005d30   0x00000254   Code   RO          667    .text               stm32f10x_dma.o
    0x08005f84   0x0000044e   Code   RO          679    .text               stm32f10x_adc.o
    0x080063d2   0x00000002   PAD
    0x080063d4   0x00000084   Code   RO          691    .text               bsp.o
    0x08006458   0x000002a8   Code   RO          706    .text               cpu_core.o
    0x08006700   0x00000034   Code   RO          744    .text               cpu_a.o
    0x08006734   0x00000256   Code   RO          747    .text               lib_ascii.o
    0x0800698a   0x00000002   PAD
    0x0800698c   0x000009c6   Code   RO          780    .text               lib_mem.o
    0x08007352   0x00000002   PAD
    0x08007354   0x0000092c   Code   RO          799    .text               lib_str.o
    0x08007c80   0x00000220   Code   RO          816    .text               lib_mem_a.o
    0x08007ea0   0x000000fc   Code   RO          819    .text               os_cfg_app.o
    0x08007f9c   0x00000df0   Code   RO          842    .text               os_core.o
    0x08008d8c   0x000001b0   Code   RO          854    .text               os_dbg.o
    0x08008f3c   0x00000e28   Code   RO          869    .text               os_flag.o
    0x08009d64   0x00000444   Code   RO          881    .text               os_int.o
    0x0800a1a8   0x00000238   Code   RO          893    .text               os_mem.o
    0x0800a3e0   0x0000022c   Code   RO          905    .text               os_msg.o
    0x0800a60c   0x00000ad4   Code   RO          917    .text               os_mutex.o
    0x0800b0e0   0x0000007c   Code   RO          935    .text               os_prio.o
    0x0800b15c   0x000008d8   Code   RO          954    .text               os_q.o
    0x0800ba34   0x00000830   Code   RO          966    .text               os_sem.o
    0x0800c264   0x00000638   Code   RO          978    .text               os_stat.o
    0x0800c89c   0x00001bb4   Code   RO          990    .text               os_task.o
    0x0800e450   0x000004fc   Code   RO         1002    .text               os_tick.o
    0x0800e94c   0x00000564   Code   RO         1014    .text               os_time.o
    0x0800eeb0   0x00000818   Code   RO         1026    .text               os_tmr.o
    0x0800f6c8   0x00000260   Code   RO         1055    .text               os_cpu_c.o
    0x0800f928   0x000001a8   Code   RO         1088    .text               exfuns.o
    0x0800fad0   0x00000200   Code   RO         1131    .text               diskio.o
    0x0800fcd0   0x000032e4   Code   RO         1153    .text               ff.o
    0x08012fb4   0x000000b4   Code   RO         1168    .text               cc936.o
    0x08013068   0x00000002   Code   RO         1193    .text               c_w.l(use_no_semi_2.o)
    0x0801306a   0x000000ee   Code   RO         1195    .text               c_w.l(lludivv7m.o)
    0x08013158   0x00000048   Code   RO         1197    .text               c_w.l(llsdiv.o)
    0x080131a0   0x00000024   Code   RO         1199    .text               c_w.l(c89vsprintf.o)
    0x080131c4   0x00000018   Code   RO         1201    .text               c_w.l(__2printf.o)
    0x080131dc   0x00000052   Code   RO         1207    .text               c_w.l(_printf_str.o)
    0x0801322e   0x00000002   PAD
    0x08013230   0x00000078   Code   RO         1209    .text               c_w.l(_printf_dec.o)
    0x080132a8   0x00000094   Code   RO         1229    .text               c_w.l(_printf_hex_int_ll_ptr.o)
    0x0801333c   0x00000188   Code   RO         1249    .text               c_w.l(__printf_flags_ss_wp.o)
    0x080134c4   0x00000024   Code   RO         1258    .text               c_w.l(strstr.o)
    0x080134e8   0x00000048   Code   RO         1260    .text               c_w.l(strcpy.o)
    0x08013530   0x0000003e   Code   RO         1262    .text               c_w.l(strlen.o)
    0x0801356e   0x0000008a   Code   RO         1264    .text               c_w.l(rt_memcpy_v6.o)
    0x080135f8   0x00000080   Code   RO         1266    .text               c_w.l(strcmpv7m.o)
    0x08013678   0x00000006   Code   RO         1268    .text               c_w.l(heapauxi.o)
    0x0801367e   0x00000002   Code   RO         1288    .text               c_w.l(use_no_semi.o)
    0x08013680   0x0000004e   Code   RO         1295    .text               c_w.l(_printf_pad.o)
    0x080136ce   0x00000024   Code   RO         1297    .text               c_w.l(_printf_truncate.o)
    0x080136f2   0x000000b2   Code   RO         1299    .text               c_w.l(_printf_intcommon.o)
    0x080137a4   0x00000028   Code   RO         1301    .text               c_w.l(_printf_charcount.o)
    0x080137cc   0x00000030   Code   RO         1303    .text               c_w.l(_printf_char_common.o)
    0x080137fc   0x0000000a   Code   RO         1305    .text               c_w.l(_sputc.o)
    0x08013806   0x0000002c   Code   RO         1307    .text               c_w.l(_printf_char.o)
    0x08013832   0x00000002   PAD
    0x08013834   0x00000024   Code   RO         1309    .text               c_w.l(_printf_char_file.o)
    0x08013858   0x000000bc   Code   RO         1311    .text               c_w.l(_printf_wctomb.o)
    0x08013914   0x0000007c   Code   RO         1314    .text               c_w.l(_printf_longlong_dec.o)
    0x08013990   0x00000070   Code   RO         1320    .text               c_w.l(_printf_oct_int_ll.o)
    0x08013a00   0x00000064   Code   RO         1340    .text               c_w.l(rt_memcpy_w.o)
    0x08013a64   0x0000008a   Code   RO         1370    .text               c_w.l(lludiv10.o)
    0x08013aee   0x0000041a   Code   RO         1372    .text               c_w.l(_printf_fp_dec.o)
    0x08013f08   0x0000002c   Code   RO         1376    .text               c_w.l(_printf_wchar.o)
    0x08013f34   0x00000008   Code   RO         1378    .text               c_w.l(ferror.o)
    0x08013f3c   0x00000040   Code   RO         1382    .text               c_w.l(_wcrtomb.o)
    0x08013f7c   0x0000004a   Code   RO         1384    .text               c_w.l(sys_stackheap_outer.o)
    0x08013fc6   0x00000002   PAD
    0x08013fc8   0x00000010   Code   RO         1386    .text               c_w.l(rt_ctype_table.o)
    0x08013fd8   0x00000008   Code   RO         1391    .text               c_w.l(rt_locale_intlibspace.o)
    0x08013fe0   0x00000080   Code   RO         1393    .text               c_w.l(_printf_fp_infnan.o)
    0x08014060   0x000000dc   Code   RO         1395    .text               c_w.l(bigflt0.o)
    0x0801413c   0x00000012   Code   RO         1423    .text               c_w.l(exit.o)
    0x0801414e   0x00000002   PAD
    0x08014150   0x00000008   Code   RO         1439    .text               c_w.l(libspace.o)
    0x08014158   0x0000003e   Code   RO         1398    CL$$btod_d2e        c_w.l(btod.o)
    0x08014196   0x00000046   Code   RO         1400    CL$$btod_d2e_denorm_low  c_w.l(btod.o)
    0x080141dc   0x00000060   Code   RO         1399    CL$$btod_d2e_norm_op1  c_w.l(btod.o)
    0x0801423c   0x00000338   Code   RO         1408    CL$$btod_div_common  c_w.l(btod.o)
    0x08014574   0x000000c6   Code   RO         1405    CL$$btod_e2e        c_w.l(btod.o)
    0x0801463a   0x00000028   Code   RO         1402    CL$$btod_ediv       c_w.l(btod.o)
    0x08014662   0x00000028   Code   RO         1401    CL$$btod_emul       c_w.l(btod.o)
    0x0801468a   0x00000244   Code   RO         1407    CL$$btod_mult_common  c_w.l(btod.o)
    0x080148ce   0x00000002   PAD
    0x080148d0   0x00000098   Code   RO         1052    CODE                os_cpu_a.o
    0x08014968   0x00000028   Code   RO         1437    i.__ARM_fpclassify  m_ws.l(fpclassify.o)
    0x08014990   0x0000000e   Code   RO         1242    i._is_digit         c_w.l(__printf_wp.o)
    0x0801499e   0x00000002   PAD
    0x080149a0   0x0000002c   Code   RO         1421    locale$$code        c_w.l(lc_numeric_c.o)
    0x080149cc   0x0000002c   Code   RO         1447    locale$$code        c_w.l(lc_ctype_c.o)
    0x080149f8   0x00000062   Code   RO         1272    x$fpl$d2f           fz_ws.l(d2f.o)
    0x08014a5a   0x00000002   PAD
    0x08014a5c   0x000002b0   Code   RO         1275    x$fpl$ddiv          fz_ws.l(ddiv.o)
    0x08014d0c   0x00000154   Code   RO         1278    x$fpl$dmul          fz_ws.l(dmul.o)
    0x08014e60   0x0000009c   Code   RO         1342    x$fpl$dnaninf       fz_ws.l(dnaninf.o)
    0x08014efc   0x0000000c   Code   RO         1344    x$fpl$dretinf       fz_ws.l(dretinf.o)
    0x08014f08   0x00000056   Code   RO         1280    x$fpl$f2d           fz_ws.l(f2d.o)
    0x08014f5e   0x00000002   PAD
    0x08014f60   0x00000030   Code   RO         1283    x$fpl$fflt          fz_ws.l(fflt_clz.o)
    0x08014f90   0x0000008c   Code   RO         1346    x$fpl$fnaninf       fz_ws.l(fnaninf.o)
    0x0801501c   0x0000000a   Code   RO         1348    x$fpl$fretinf       fz_ws.l(fretinf.o)
    0x08015026   0x00000004   Code   RO         1350    x$fpl$printf1       fz_ws.l(printf1.o)
    0x0801502a   0x00000000   Code   RO         1352    x$fpl$usenofp       fz_ws.l(usenofp.o)
    0x0801502a   0x00000002   PAD
    0x0801502c   0x00000018   Data   RO          465    .constdata          malloc.o
    0x08015044   0x00000104   Data   RO          708    .constdata          cpu_core.o
    0x08015148   0x00000094   Data   RO          800    .constdata          lib_str.o
    0x080151dc   0x000000a4   Data   RO          821    .constdata          os_cfg_app.o
    0x08015280   0x0000016c   Data   RO          855    .constdata          os_dbg.o
    0x080153ec   0x00000138   Data   RO         1090    .constdata          exfuns.o
    0x08015524   0x0000003a   Data   RO         1154    .constdata          ff.o
    0x0801555e   0x0002acc8   Data   RO         1169    .constdata          cc936.o
    0x08040226   0x00000028   Data   RO         1230    .constdata          c_w.l(_printf_hex_int_ll_ptr.o)
    0x0804024e   0x00000011   Data   RO         1250    .constdata          c_w.l(__printf_flags_ss_wp.o)
    0x0804025f   0x00000001   PAD
    0x08040260   0x00000008   Data   RO         1312    .constdata          c_w.l(_printf_wctomb.o)
    0x08040268   0x00000094   Data   RO         1396    .constdata          c_w.l(bigflt0.o)
    0x080402fc   0x00000064   Data   RO         1091    .conststring        exfuns.o
    0x08040360   0x00000020   Data   RO         1565    Region$$Table       anon$$obj.o
    0x08040380   0x0000001c   Data   RO         1420    locale$$data        c_w.l(lc_numeric_c.o)
    0x0804039c   0x00000110   Data   RO         1446    locale$$data        c_w.l(lc_ctype_c.o)


    Execution Region RW_IRAM1 (Base: 0x20000000, Size: 0x0000fed0, Max: 0x00010000, ABSOLUTE, COMPRESSED[0x00000038])

    Base Addr    Size         Type   Attr      Idx    E Section Name        Object

    0x20000000   0x00000014   Data   RW           66    .data               system_stm32f10x.o
    0x20000014   0x00000002   Data   RW          287    .data               usart3.o
    0x20000016   0x00000002   PAD
    0x20000018   0x00000010   Data   RW          345    .data               sdio_sdcard.o
    0x20000028   0x00000002   Data   RW          371    .data               w25qxx.o
    0x2000002a   0x00000002   PAD
    0x2000002c   0x0000001c   Data   RW          466    .data               malloc.o
    0x20000048   0x00000004   Data   RW          484    .data               delay.o
    0x2000004c   0x00000006   Data   RW          516    .data               usart.o
    0x20000052   0x00000014   Data   RW          591    .data               stm32f10x_rcc.o
    0x20000066   0x00000002   PAD
    0x20000068   0x00000004   Data   RW          709    .data               cpu_core.o
    0x2000006c   0x00000004   Data   RW          782    .data               lib_mem.o
    0x20000070   0x00000008   Data   RW          936    .data               os_prio.o
    0x20000078   0x000000c8   Data   RW         1039    .data               os_var.o
    0x20000140   0x00000004   Data   RW         1056    .data               os_cpu_c.o
    0x20000144   0x0000001c   Data   RW         1092    .data               exfuns.o
    0x20000160   0x00000002   Data   RW         1132    .data               diskio.o
    0x20000162   0x00000002   PAD
    0x20000164   0x0000000a   Data   RW         1155    .data               ff.o
    0x2000016e   0x00000002   PAD
    0x20000170   0x00001178   Zero   RW           84    .bss                test.o
    0x200012e8   0x000004b0   Zero   RW          286    .bss                usart3.o
    0x20001798   0x000002c0   Zero   RW          344    .bss                sdio_sdcard.o
    0x20001a58   0x00001000   Zero   RW          370    .bss                w25qxx.o
    0x20002a58   0x000002c4   Zero   RW          404    .bss                acquisition.o
    0x20002d1c   0x000000c0   Zero   RW          443    .bss                data.o
    0x20002ddc   0x00000004   PAD
    0x20002de0   0x0000aa00   Zero   RW          464    .bss                malloc.o
    0x2000d7e0   0x000000c8   Zero   RW          515    .bss                usart.o
    0x2000d8a8   0x00000010   Zero   RW          707    .bss                cpu_core.o
    0x2000d8b8   0x00000448   Zero   RW          781    .bss                lib_mem.o
    0x2000dd00   0x00001490   Zero   RW          820    .bss                os_cfg_app.o
    0x2000f190   0x000006e0   Zero   RW         1038    .bss                os_var.o
    0x2000f870   0x00000060   Zero   RW         1440    .bss                c_w.l(libspace.o)
    0x2000f8d0   0x00000200   Zero   RW          548    HEAP                startup_stm32f10x_hd.o
    0x2000fad0   0x00000400   Zero   RW          547    STACK               startup_stm32f10x_hd.o



  Load Region LR$$.ARM.__AT_0x68000000 (Base: 0x68000000, Size: 0x00000000, Max: 0x000f0000, ABSOLUTE)

    Execution Region ER$$.ARM.__AT_0x68000000 (Base: 0x68000000, Size: 0x000f0000, Max: 0x000f0000, ABSOLUTE, UNINIT)

    Base Addr    Size         Type   Attr      Idx    E Section Name        Object

    0x68000000   0x000f0000   Zero   RW          462    .ARM.__AT_0x68000000  malloc.o



  Load Region LR$$.ARM.__AT_0x680F0000 (Base: 0x680f0000, Size: 0x00000000, Max: 0x0000f000, ABSOLUTE)

    Execution Region ER$$.ARM.__AT_0x680F0000 (Base: 0x680f0000, Size: 0x0000f000, Max: 0x0000f000, ABSOLUTE, UNINIT)

    Base Addr    Size         Type   Attr      Idx    E Section Name        Object

    0x680f0000   0x0000f000   Zero   RW          463    .ARM.__AT_0x680F0000  malloc.o


==============================================================================

Image component sizes


      Code (inc. data)   RO Data    RW Data    ZI Data      Debug   Object Name

       268         46          0          0        708       1933   acquisition.o
       232          8          0          0          0       1083   adc.o
       132         12          0          0          0       1131   bsp.o
       180         18     175304          0          0       2129   cc936.o
        52          0          0          0          0        324   cpu_a.o
       680         14        260          4         16      14303   cpu_core.o
       652         80          0          0          0       1493   cs5532.o
      2292       1108          0          0        192       2556   data.o
       332         28          0          4          0       1777   delay.o
       512          8          0          2          0       4234   diskio.o
       424         22        412         28          0       5288   exfuns.o
     13028        144         58         10          0      34926   ff.o
       256         16          0          0          0        897   ipm.o
       598          0          0          0          0       3864   lib_ascii.o
      2502         32          0          4       1096      22148   lib_mem.o
       544          0          0          0          0        468   lib_mem_a.o
      2348          6        148          0          0      13730   lib_str.o
       556         18         24         28    1088000       4608   malloc.o
       220         22          0          0          0       1785   misc.o
       252        166        164          0       5264      20826   os_cfg_app.o
      3568        284          0          0          0      12417   os_core.o
       152         32          0          0          0        380   os_cpu_a.o
       608         64          0          4          0       3769   os_cpu_c.o
       432        286        364          0          0       4697   os_dbg.o
      3624        110          0          0          0       8003   os_flag.o
      1092        146          0          0          0       2304   os_int.o
       568         20          0          0          0       2728   os_mem.o
       556         12          0          0          0       2767   os_msg.o
      2772        114          0          0          0       5538   os_mutex.o
       124          4          0          8          0       1692   os_prio.o
      2264         76          0          0          0       6304   os_q.o
      2096         70          0          0          0       6320   os_sem.o
      1592        180          0          0          0       2785   os_stat.o
      7092        270          0          0          0      14146   os_task.o
      1276         90          0          0          0       3257   os_tick.o
      1380         46          0          0          0       3257   os_time.o
      2072        140          0          0          0       6442   os_tmr.o
         0          0          0        200       1760      19321   os_var.o
       148         18          0          0          0        783   power.o
      7228        260          0         16        704      24668   sdio_sdcard.o
       308         16          0          0          0        925   spi.o
       436         42          0          0          0       1833   sram.o
        64         26        304          0       1536        780   startup_stm32f10x_hd.o
      1102         26          0          0          0      11025   stm32f10x_adc.o
       596          8          0          0          0       4354   stm32f10x_dma.o
       860         38          0          0          0       5721   stm32f10x_gpio.o
        22          0          0          0          0      68027   stm32f10x_it.o
       932         36          0         20          0       8884   stm32f10x_rcc.o
       468         22          0          0          0       7108   stm32f10x_sdio.o
      3610         88          0          0          0      22828   stm32f10x_tim.o
      1032         22          0          0          0       8444   stm32f10x_usart.o
        12          0          0          0          0        599   sys.o
       480         38          0         20          0       1671   system_stm32f10x.o
      1004        146          0          0       4472     259795   test.o
       168         10          0          0          0        788   timer.o
       336         18          0          6        200       3154   usart.o
       380         24          0          2       1200       2522   usart3.o
       864         34          0          2       4096       4357   w25qxx.o

    ----------------------------------------------------------------------
     77386       4564     177070        368    1109248     683896   Object Totals
         0          0         32          0          0          0   (incl. Generated)
         8          0          0         10          4          0   (incl. Padding)

    ----------------------------------------------------------------------

      Code (inc. data)   RO Data    RW Data    ZI Data      Debug   Library Member Name

        24          4          0          0          0         84   __2printf.o
        90          0          0          0          0          0   __dczerorl2.o
         8          0          0          0          0         68   __main.o
       392          4         17          0          0         92   __printf_flags_ss_wp.o
        14          0          0          0          0         68   __printf_wp.o
         0          0          0          0          0          0   __rtentry.o
        12          0          0          0          0          0   __rtentry2.o
         6          0          0          0          0          0   __rtentry4.o
        52          8          0          0          0          0   __scatter.o
        28          0          0          0          0          0   __scatter_zi.o
         6          0          0          0          0          0   _printf_a.o
         6          0          0          0          0          0   _printf_c.o
        44          0          0          0          0        108   _printf_char.o
        48          6          0          0          0         96   _printf_char_common.o
        36          4          0          0          0         80   _printf_char_file.o
        40          0          0          0          0         68   _printf_charcount.o
         6          0          0          0          0          0   _printf_d.o
       120         16          0          0          0         92   _printf_dec.o
         6          0          0          0          0          0   _printf_e.o
         6          0          0          0          0          0   _printf_f.o
      1050          0          0          0          0        216   _printf_fp_dec.o
       128         16          0          0          0         84   _printf_fp_infnan.o
         6          0          0          0          0          0   _printf_g.o
       148          4         40          0          0        160   _printf_hex_int_ll_ptr.o
         6          0          0          0          0          0   _printf_i.o
       178          0          0          0          0         88   _printf_intcommon.o
        10          0          0          0          0          0   _printf_l.o
         6          0          0          0          0          0   _printf_lc.o
        10          0          0          0          0          0   _printf_ll.o
         6          0          0          0          0          0   _printf_lld.o
         6          0          0          0          0          0   _printf_lli.o
         6          0          0          0          0          0   _printf_llo.o
         6          0          0          0          0          0   _printf_llu.o
         6          0          0          0          0          0   _printf_llx.o
       124         16          0          0          0         92   _printf_longlong_dec.o
         6          0          0          0          0          0   _printf_ls.o
         6          0          0          0          0          0   _printf_n.o
         6          0          0          0          0          0   _printf_o.o
       112          8          0          0          0        124   _printf_oct_int_ll.o
         6          0          0          0          0          0   _printf_p.o
        78          0          0          0          0        108   _printf_pad.o
         0          0          0          0          0          0   _printf_percent.o
         4          0          0          0          0          0   _printf_percent_end.o
         6          0          0          0          0          0   _printf_s.o
        82          0          0          0          0         80   _printf_str.o
        36          0          0          0          0         84   _printf_truncate.o
         6          0          0          0          0          0   _printf_u.o
        44          0          0          0          0        108   _printf_wchar.o
       188          6          8          0          0         92   _printf_wctomb.o
         6          0          0          0          0          0   _printf_x.o
        10          0          0          0          0         68   _sputc.o
        64          0          0          0          0         92   _wcrtomb.o
       220          4        148          0          0         96   bigflt0.o
      1910        128          0          0          0        672   btod.o
        36          4          0          0          0         76   c89vsprintf.o
        18          0          0          0          0         80   exit.o
         8          0          0          0          0         68   ferror.o
         6          0          0          0          0        152   heapauxi.o
        44         10        272          0          0         76   lc_ctype_c.o
        44         10         28          0          0         76   lc_numeric_c.o
         2          0          0          0          0          0   libinit.o
        30          0          0          0          0          0   libinit2.o
         2          0          0          0          0          0   libshutdown.o
         2          0          0          0          0          0   libshutdown2.o
         8          4          0          0         96         68   libspace.o
        72          0          0          0          0         76   llsdiv.o
       138          0          0          0          0         80   lludiv10.o
       238          0          0          0          0        100   lludivv7m.o
        16          4          0          0          0         76   rt_ctype_table.o
         8          4          0          0          0         68   rt_locale_intlibspace.o
       138          0          0          0          0         68   rt_memcpy_v6.o
       100          0          0          0          0         80   rt_memcpy_w.o
         2          0          0          0          0          0   rtexit.o
        10          0          0          0          0          0   rtexit2.o
       128          0          0          0          0         68   strcmpv7m.o
        72          0          0          0          0         80   strcpy.o
        62          0          0          0          0         76   strlen.o
        36          0          0          0          0         80   strstr.o
        74          0          0          0          0         80   sys_stackheap_outer.o
         2          0          0          0          0         68   use_no_semi.o
         2          0          0          0          0         68   use_no_semi_2.o
        98          4          0          0          0         92   d2f.o
       688        140          0          0          0        208   ddiv.o
       340         12          0          0          0        104   dmul.o
       156          4          0          0          0         92   dnaninf.o
        12          0          0          0          0         68   dretinf.o
        86          4          0          0          0         84   f2d.o
        48          0          0          0          0         68   fflt_clz.o
       140          4          0          0          0         84   fnaninf.o
        10          0          0          0          0         68   fretinf.o
         4          0          0          0          0         68   printf1.o
         0          0          0          0          0          0   usenofp.o
        40          0          0          0          0         68   fpclassify.o

    ----------------------------------------------------------------------
      8370        428        514          0         96       5588   Library Totals
        20          0          1          0          0          0   (incl. Padding)

    ----------------------------------------------------------------------

      Code (inc. data)   RO Data    RW Data    ZI Data      Debug   Library Name

      6728        260        513          0         96       4584   c_w.l
      1582        168          0          0          0        936   fz_ws.l
        40          0          0          0          0         68   m_ws.l

    ----------------------------------------------------------------------
      8370        428        514          0         96       5588   Library Totals

    ----------------------------------------------------------------------

==============================================================================


      Code (inc. data)   RO Data    RW Data    ZI Data      Debug   

     85756       4992     177584        368    1109344     681108   Grand Totals
     85756       4992     177584         56    1109344     681108   ELF Image Totals (compressed)
     85756       4992     177584         56          0          0   ROM Totals

==============================================================================

    Total RO  Size (Code + RO Data)               263340 ( 257.17kB)
    Total RW  Size (RW Data + ZI Data)           1109712 (1083.70kB)
    Total ROM Size (Code + RO Data + RW Data)     263396 ( 257.22kB)

==============================================================================

