Component: ARM Compiler 5.06 update 1 (build 61) Tool: armlink [4d35a8]

==============================================================================

Section Cross References

    system_stm32f10x.o(.text) refers to system_stm32f10x.o(.data) for SystemCoreClock
    test.o(.text) refers to _printf_percent.o(.ARM.Collect$$_printf_percent$$00000000) for _printf_percent
    test.o(.text) refers to _printf_u.o(.ARM.Collect$$_printf_percent$$0000000A) for _printf_u
    test.o(.text) refers to _printf_dec.o(.text) for _printf_int_dec
    test.o(.text) refers to _printf_s.o(.ARM.Collect$$_printf_percent$$00000014) for _printf_s
    test.o(.text) refers to _printf_str.o(.text) for _printf_str
    test.o(.text) refers to _printf_c.o(.ARM.Collect$$_printf_percent$$00000013) for _printf_c
    test.o(.text) refers to ipm.o(.text) for IPM_Start_AB
    test.o(.text) refers to __2printf.o(.text) for __2printf
    test.o(.text) refers to os_time.o(.text) for OSTimeDlyHMSM
    test.o(.text) refers to cpu_core.o(.text) for CPU_Init
    test.o(.text) refers to os_stat.o(.text) for OSStatTaskCPUUsageInit
    test.o(.text) refers to os_core.o(.text) for OSSchedRoundRobinCfg
    test.o(.text) refers to cpu_a.o(.text) for CPU_SR_Save
    test.o(.text) refers to os_tmr.o(.text) for OSTmrCreate
    test.o(.text) refers to os_task.o(.text) for OSTaskCreate
    test.o(.text) refers to delay.o(.text) for delay_init
    test.o(.text) refers to misc.o(.text) for NVIC_PriorityGroupConfig
    test.o(.text) refers to usart.o(.text) for uart_init
    test.o(.text) refers to usart3.o(.text) for usart3_init
    test.o(.text) refers to sram.o(.text) for FSMC_SRAM_Init
    test.o(.text) refers to malloc.o(.text) for my_mem_init
    test.o(.text) refers to acquisition.o(.text) for Acquisition_Init
    test.o(.text) refers to power.o(.text) for Power_Init
    test.o(.text) refers to cs5532.o(.text) for CS5532_Init
    test.o(.text) refers to sdio_sdcard.o(.text) for SD_Init
    test.o(.text) refers to exfuns.o(.text) for exfuns_init
    test.o(.text) refers to ff.o(.text) for f_mount
    test.o(.text) refers to usart3.o(.data) for USART3_RX_STA
    test.o(.text) refers to usart3.o(.bss) for USART3_RX_BUF
    test.o(.text) refers to os_var.o(.data) for OSSchedLockNestingCtr
    test.o(.text) refers to test.o(.bss) for usart3_deal_tmr
    test.o(.text) refers to usmart_config.o(.data) for usmart_dev
    test.o(.text) refers to system_stm32f10x.o(.data) for SystemCoreClock
    test.o(.text) refers to exfuns.o(.data) for fs
    ipm.o(.text) refers to stm32f10x_rcc.o(.text) for RCC_APB2PeriphClockCmd
    ipm.o(.text) refers to stm32f10x_gpio.o(.text) for GPIO_Init
    power.o(.text) refers to stm32f10x_rcc.o(.text) for RCC_APB2PeriphClockCmd
    power.o(.text) refers to stm32f10x_gpio.o(.text) for GPIO_Init
    usart3.o(.text) refers to stm32f10x_usart.o(.text) for USART_GetITStatus
    usart3.o(.text) refers to stm32f10x_tim.o(.text) for TIM_SetCounter
    usart3.o(.text) refers to stm32f10x_rcc.o(.text) for RCC_APB2PeriphClockCmd
    usart3.o(.text) refers to stm32f10x_gpio.o(.text) for GPIO_Init
    usart3.o(.text) refers to misc.o(.text) for NVIC_Init
    usart3.o(.text) refers to timer.o(.text) for TIM7_Int_Init
    usart3.o(.text) refers to c89vsprintf.o(.text) for __c89vsprintf
    usart3.o(.text) refers to strlen.o(.text) for strlen
    usart3.o(.text) refers to usart3.o(.data) for USART3_RX_STA
    usart3.o(.text) refers to usart3.o(.bss) for USART3_RX_BUF
    timer.o(.text) refers to os_core.o(.text) for OSIntEnter
    timer.o(.text) refers to stm32f10x_rcc.o(.text) for RCC_APB1PeriphClockCmd
    timer.o(.text) refers to stm32f10x_tim.o(.text) for TIM_TimeBaseInit
    timer.o(.text) refers to misc.o(.text) for NVIC_Init
    timer.o(.text) refers to usart3.o(.data) for USART3_RX_STA
    ap.o(.text) refers to _printf_percent.o(.ARM.Collect$$_printf_percent$$00000000) for _printf_percent
    ap.o(.text) refers to _printf_s.o(.ARM.Collect$$_printf_percent$$00000014) for _printf_s
    ap.o(.text) refers to _printf_str.o(.text) for _printf_str
    ap.o(.text) refers to strstr.o(.text) for strstr
    ap.o(.text) refers to usart3.o(.text) for u3_printf
    ap.o(.text) refers to delay.o(.text) for delay_ms
    ap.o(.text) refers to malloc.o(.text) for mymalloc
    ap.o(.text) refers to __2printf.o(.text) for __2printf
    ap.o(.text) refers to __2sprintf.o(.text) for __2sprintf
    ap.o(.text) refers to usart3.o(.data) for USART3_RX_STA
    ap.o(.text) refers to usart3.o(.bss) for USART3_RX_BUF
    ap.o(.text) refers to ap.o(.data) for ap_password
    ap.o(.data) refers to ap.o(.conststring) for .conststring
    sdio_sdcard.o(.text) refers to stm32f10x_sdio.o(.text) for SDIO_GetFlagStatus
    sdio_sdcard.o(.text) refers to sdio_sdcard.o(.data) for DeviceMode
    sdio_sdcard.o(.text) refers to sdio_sdcard.o(.bss) for SDIO_CmdInitStructure
    sdio_sdcard.o(.text) refers to stm32f10x_rcc.o(.text) for RCC_APB2PeriphClockCmd
[...]
    Str_Char_Replace                         0x0800691f   Thumb Code    28  lib_str.o(.text)
    Str_Str_N                                0x0800693b   Thumb Code   182  lib_str.o(.text)
    Str_Str                                  0x080069f1   Thumb Code    24  lib_str.o(.text)
    Str_FmtNbr_Int32U                        0x08006be5   Thumb Code    46  lib_str.o(.text)
    Str_FmtNbr_Int32S                        0x08006c13   Thumb Code    62  lib_str.o(.text)
    Str_ParseNbr_Int32U                      0x08006e0f   Thumb Code    30  lib_str.o(.text)
    Str_ParseNbr_Int32S                      0x08006e2d   Thumb Code    74  lib_str.o(.text)
    Mem_Copy                                 0x08006e7d   Thumb Code     0  lib_mem_a.o(.text)
    OSCfg_Init                               0x0800709d   Thumb Code    86  os_cfg_app.o(.text)
    OS_IdleTask                              0x08007199   Thumb Code    60  os_core.o(.text)
    OS_IdleTaskInit                          0x080071d5   Thumb Code    68  os_core.o(.text)
    OS_RdyListInit                           0x08007219   Thumb Code    32  os_core.o(.text)
    OSInit                                   0x08007239   Thumb Code   300  os_core.o(.text)
    OSIntEnter                               0x08007365   Thumb Code    34  os_core.o(.text)
    OSIntExit                                0x08007387   Thumb Code   188  os_core.o(.text)
    OSSched                                  0x08007443   Thumb Code   130  os_core.o(.text)
    OS_SchedLockTimeMeasStart                0x080074c5   Thumb Code    20  os_core.o(.text)
    OSSchedLock                              0x080074d9   Thumb Code   104  os_core.o(.text)
    OS_SchedLockTimeMeasStop                 0x08007541   Thumb Code    44  os_core.o(.text)
    OSSchedUnlock                            0x0800756d   Thumb Code   286  os_core.o(.text)
    OSSchedRoundRobinCfg                     0x0800768b   Thumb Code    88  os_core.o(.text)
    OS_RdyListMoveHeadToTail                 0x080076e3   Thumb Code    68  os_core.o(.text)
    OSSchedRoundRobinYield                   0x08007727   Thumb Code   164  os_core.o(.text)
    OSStart                                  0x080077cb   Thumb Code    78  os_core.o(.text)
    OSVersion                                0x08007819   Thumb Code    12  os_core.o(.text)
    OS_PendDbgNameAdd                        0x08007825   Thumb Code    66  os_core.o(.text)
    OS_PendListInsertPrio                    0x08007867   Thumb Code   102  os_core.o(.text)
    OS_PendDataInit                          0x080078cd   Thumb Code    38  os_core.o(.text)
    OS_RdyListRemove                         0x080078f3   Thumb Code    86  os_core.o(.text)
    OS_TaskBlock                             0x08007949   Thumb Code    56  os_core.o(.text)
    OS_Pend                                  0x08007981   Thumb Code    98  os_core.o(.text)
    OS_PendListRemove1                       0x080079e3   Thumb Code   136  os_core.o(.text)
    OS_PendListRemove                        0x08007a6b   Thumb Code    48  os_core.o(.text)
    OS_PendAbort1                            0x08007a9b   Thumb Code    36  os_core.o(.text)
    OS_RdyListInsertHead                     0x08007abf   Thumb Code    58  os_core.o(.text)
    OS_RdyListInsertTail                     0x08007af9   Thumb Code    56  os_core.o(.text)
    OS_RdyListInsert                         0x08007b31   Thumb Code    40  os_core.o(.text)
    OS_TaskRdy                               0x08007b59   Thumb Code    28  os_core.o(.text)
    OS_PendAbort                             0x08007b75   Thumb Code   166  os_core.o(.text)
    OS_PendDbgNameRemove                     0x08007c1b   Thumb Code    34  os_core.o(.text)
    OS_PendListChangePrio                    0x08007c3d   Thumb Code    70  os_core.o(.text)
    OS_PendListInit                          0x08007c83   Thumb Code    10  os_core.o(.text)
    OS_PendListInsertHead                    0x08007c8d   Thumb Code    32  os_core.o(.text)
    OS_PendObjDel1                           0x08007cad   Thumb Code    36  os_core.o(.text)
    OS_PendObjDel                            0x08007cd1   Thumb Code   162  os_core.o(.text)
    OS_Post1                                 0x08007d73   Thumb Code    42  os_core.o(.text)
    OS_Post                                  0x08007d9d   Thumb Code   192  os_core.o(.text)
    OS_Sched0                                0x08007e5d   Thumb Code    68  os_core.o(.text)
    OS_SchedRoundRobin                       0x08007ea1   Thumb Code   218  os_core.o(.text)
    OS_Dbg_Init                              0x08007f89   Thumb Code   146  os_dbg.o(.text)
    OS_FlagDbgListAdd                        0x08008139   Thumb Code    38  os_flag.o(.text)
    OSFlagCreate                             0x0800815f   Thumb Code   172  os_flag.o(.text)
    OS_FlagClr                               0x0800820b   Thumb Code    28  os_flag.o(.text)
    OS_FlagDbgListRemove                     0x08008227   Thumb Code    44  os_flag.o(.text)
    OSFlagDel                                0x08008253   Thumb Code   594  os_flag.o(.text)
    OS_FlagBlock                             0x080084a5   Thumb Code    58  os_flag.o(.text)
    OSFlagPend                               0x080084df   Thumb Code  1488  os_flag.o(.text)
    OSFlagPendAbort                          0x08008aaf   Thumb Code   292  os_flag.o(.text)
    OSFlagPendGetFlagsRdy                    0x08008bd3   Thumb Code    68  os_flag.o(.text)
    OS_FlagTaskRdy                           0x08008c17   Thumb Code    86  os_flag.o(.text)
    OS_FlagPost                              0x08008c6d   Thumb Code   570  os_flag.o(.text)
    OSFlagPost                               0x08008ea7   Thumb Code   146  os_flag.o(.text)
    OS_FlagInit                              0x08008f39   Thumb Code    14  os_flag.o(.text)
    OS_IntQPost                              0x08008f61   Thumb Code   216  os_int.o(.text)
    OS_IntQRePost                            0x08009039   Thumb Code   360  os_int.o(.text)
    OS_IntQTask                              0x080091a1   Thumb Code   162  os_int.o(.text)
    OS_IntQTaskInit                          0x08009243   Thumb Code   208  os_int.o(.text)
    OS_MemDbgListAdd                         0x080093a5   Thumb Code    34  os_mem.o(.text)
    OSMemCreate                              0x080093c7   Thumb Code   288  os_mem.o(.text)
    OSMemGet                                 0x080094e7   Thumb Code   100  os_mem.o(.text)
    OSMemPut                                 0x0800954b   Thumb Code   112  os_mem.o(.text)
    OS_MemInit                               0x080095bb   Thumb Code    14  os_mem.o(.text)
    OS_MsgPoolCreate                         0x080095dd   Thumb Code    54  os_msg.o(.text)
    OS_MsgPoolInit                           0x08009613   Thumb Code    70  os_msg.o(.text)
    OS_MsgQFreeAll                           0x08009659   Thumb Code    62  os_msg.o(.text)
    OS_MsgQInit                              0x08009697   Thumb Code    14  os_msg.o(.text)
    OS_MsgQGet                               0x080096a5   Thumb Code    98  os_msg.o(.text)
    OS_MsgQPut                               0x08009707   Thumb Code   246  os_msg.o(.text)
    OS_MutexDbgListAdd                       0x08009809   Thumb Code    38  os_mutex.o(.text)
    OSMutexCreate                            0x0800982f   Thumb Code   178  os_mutex.o(.text)
    OS_MutexClr                              0x080098e1   Thumb Code    38  os_mutex.o(.text)
    OS_MutexDbgListRemove                    0x08009907   Thumb Code    44  os_mutex.o(.text)
    OSMutexDel                               0x08009933   Thumb Code   842  os_mutex.o(.text)
    OSMutexPend                              0x08009c7d   Thumb Code   706  os_mutex.o(.text)
    OSMutexPendAbort                         0x08009f3f   Thumb Code   314  os_mutex.o(.text)
    OSMutexPost                              0x0800a079   Thumb Code   564  os_mutex.o(.text)
    OS_MutexInit                             0x0800a2ad   Thumb Code    14  os_mutex.o(.text)
    OS_PrioInit                              0x0800a2dd   Thumb Code    20  os_prio.o(.text)
    OS_PrioGetHighest                        0x0800a2f1   Thumb Code    36  os_prio.o(.text)
    OS_PrioInsert                            0x0800a315   Thumb Code    32  os_prio.o(.text)
    OS_PrioRemove                            0x0800a335   Thumb Code    32  os_prio.o(.text)
    OS_QDbgListAdd                           0x0800a359   Thumb Code    38  os_q.o(.text)
    OSQCreate                                0x0800a37f   Thumb Code   186  os_q.o(.text)
    OS_QClr                                  0x0800a439   Thumb Code    40  os_q.o(.text)
    OS_QDbgListRemove                        0x0800a461   Thumb Code    44  os_q.o(.text)
    OSQDel                                   0x0800a48d   Thumb Code   362  os_q.o(.text)
    OSQFlush                                 0x0800a5f7   Thumb Code   210  os_q.o(.text)
    OSQPend                                  0x0800a6c9   Thumb Code   538  os_q.o(.text)
    OSQPendAbort                             0x0800a8e3   Thumb Code   292  os_q.o(.text)
    OS_QPost                                 0x0800aa07   Thumb Code   324  os_q.o(.text)
    OSQPost                                  0x0800ab4b   Thumb Code   198  os_q.o(.text)
    OS_QInit                                 0x0800ac11   Thumb Code    14  os_q.o(.text)
    OS_SemDbgListAdd                         0x0800ac31   Thumb Code    38  os_sem.o(.text)
    OSSemCreate                              0x0800ac57   Thumb Code   172  os_sem.o(.text)
    OS_SemClr                                0x0800ad03   Thumb Code    28  os_sem.o(.text)
    OS_SemDbgListRemove                      0x0800ad1f   Thumb Code    44  os_sem.o(.text)
    OSSemDel                                 0x0800ad4b   Thumb Code   362  os_sem.o(.text)
    OSSemPend                                0x0800aeb5   Thumb Code   504  os_sem.o(.text)
    OSSemPendAbort                           0x0800b0ad   Thumb Code   292  os_sem.o(.text)
    OS_SemPost                               0x0800b1d1   Thumb Code   350  os_sem.o(.text)
    OSSemPost                                0x0800b32f   Thumb Code   144  os_sem.o(.text)
    OSSemSet                                 0x0800b3bf   Thumb Code   138  os_sem.o(.text)
    OS_SemInit                               0x0800b449   Thumb Code    14  os_sem.o(.text)
    OSStatReset                              0x0800b461   Thumb Code   270  os_stat.o(.text)
    OSStatTaskCPUUsageInit                   0x0800b56f   Thumb Code   212  os_stat.o(.text)
    OS_StatTask                              0x0800b643   Thumb Code   888  os_stat.o(.text)
    OS_StatTaskInit                          0x0800b9bb   Thumb Code   138  os_stat.o(.text)
    OSTaskChangePrio                         0x0800ba99   Thumb Code   416  os_task.o(.text)
    OS_TaskDbgListAdd                        0x0800bc39   Thumb Code    42  os_task.o(.text)
    OS_TaskInitTCB                           0x0800bc63   Thumb Code   186  os_task.o(.text)
    OSTaskCreate                             0x0800bd1d   Thumb Code   616  os_task.o(.text)
    OS_TaskDbgListRemove                     0x0800bf85   Thumb Code    64  os_task.o(.text)
    OSTaskDel                                0x0800bfc5   Thumb Code   424  os_task.o(.text)
    OSTaskQFlush                             0x0800c16d   Thumb Code   214  os_task.o(.text)
    OSTaskQPend                              0x0800c243   Thumb Code   554  os_task.o(.text)
    OSTaskQPendAbort                         0x0800c46d   Thumb Code   242  os_task.o(.text)
    OS_TaskQPost                             0x0800c55f   Thumb Code   526  os_task.o(.text)
    OSTaskQPost                              0x0800c76d   Thumb Code   114  os_task.o(.text)
    OSTaskRegGet                             0x0800c7df   Thumb Code    78  os_task.o(.text)
    OSTaskRegGetID                           0x0800c82d   Thumb Code    84  os_task.o(.text)
    OSTaskRegSet                             0x0800c881   Thumb Code    78  os_task.o(.text)
    OS_TaskResume                            0x0800c8cf   Thumb Code   314  os_task.o(.text)
    OSTaskResume                             0x0800ca09   Thumb Code   112  os_task.o(.text)
    OSTaskSemPend                            0x0800ca79   Thumb Code   550  os_task.o(.text)
    OSTaskSemPendAbort                       0x0800cc9f   Thumb Code   270  os_task.o(.text)
    OS_TaskSemPost                           0x0800cdad   Thumb Code  1224  os_task.o(.text)
    OSTaskSemPost                            0x0800d275   Thumb Code    98  os_task.o(.text)
    OSTaskSemSet                             0x0800d2d7   Thumb Code    80  os_task.o(.text)
    OSTaskStkChk                             0x0800d327   Thumb Code   224  os_task.o(.text)
    OS_TaskSuspend                           0x0800d407   Thumb Code   328  os_task.o(.text)
    OSTaskSuspend                            0x0800d54f   Thumb Code    78  os_task.o(.text)
    OSTaskTimeQuantaSet                      0x0800d59d   Thumb Code    96  os_task.o(.text)
    OS_TaskInit                              0x0800d5fd   Thumb Code    18  os_task.o(.text)
    OS_TaskReturn                            0x0800d60f   Thumb Code    20  os_task.o(.text)
    OS_TickListRemove                        0x0800d64d   Thumb Code    56  os_tick.o(.text)
    OS_TickListUpdate                        0x0800d685   Thumb Code   480  os_tick.o(.text)
    OS_TickTask                              0x0800d865   Thumb Code    38  os_tick.o(.text)
    OS_TickListInit                          0x0800d88b   Thumb Code    32  os_tick.o(.text)
    OS_TickTaskInit                          0x0800d8ab   Thumb Code   130  os_tick.o(.text)
    OS_TickListInsert                        0x0800d92d   Thumb Code   502  os_tick.o(.text)
    OS_TickListResetPeak                     0x0800db23   Thumb Code    28  os_tick.o(.text)
    OSTimeDly                                0x0800db49   Thumb Code   266  os_time.o(.text)
    OSTimeDlyHMSM                            0x0800dc53   Thumb Code   480  os_time.o(.text)
    OSTimeDlyResume                          0x0800de33   Thumb Code   466  os_time.o(.text)
    OSTimeGet                                0x0800e005   Thumb Code    46  os_time.o(.text)
    OSTimeSet                                0x0800e033   Thumb Code    46  os_time.o(.text)
    OSTimeTick                               0x0800e061   Thumb Code    54  os_time.o(.text)
    OS_TmrDbgListAdd                         0x0800e0ad   Thumb Code    34  os_tmr.o(.text)
    OSTmrCreate                              0x0800e0cf   Thumb Code   248  os_tmr.o(.text)
    OS_TmrClr                                0x0800e1c7   Thumb Code    36  os_tmr.o(.text)
    OS_TmrUnlink                             0x0800e1eb   Thumb Code    72  os_tmr.o(.text)
    OS_TmrDbgListRemove                      0x0800e233   Thumb Code    44  os_tmr.o(.text)
    OSTmrDel                                 0x0800e25f   Thumb Code   176  os_tmr.o(.text)
    OSTmrRemainGet                           0x0800e30f   Thumb Code   184  os_tmr.o(.text)
    OS_TmrLink                               0x0800e3c7   Thumb Code   196  os_tmr.o(.text)
    OSTmrStart                               0x0800e48b   Thumb Code   210  os_tmr.o(.text)
    OSTmrStateGet                            0x0800e55d   Thumb Code   134  os_tmr.o(.text)
    OSTmrStop                                0x0800e5e3   Thumb Code   232  os_tmr.o(.text)
    OS_TmrTask                               0x0800e6cb   Thumb Code   176  os_tmr.o(.text)
    OS_TmrInit                               0x0800e77b   Thumb Code   208  os_tmr.o(.text)
    OS_TmrResetPeak                          0x0800e84b   Thumb Code    28  os_tmr.o(.text)
    OSIdleTaskHook                           0x0800e8c5   Thumb Code    16  os_cpu_c.o(.text)
    OSInitHook                               0x0800e8d5   Thumb Code    28  os_cpu_c.o(.text)
    OSStatTaskHook                           0x0800e8f1   Thumb Code    16  os_cpu_c.o(.text)
    OSTaskCreateHook                         0x0800e901   Thumb Code    20  os_cpu_c.o(.text)
    OSTaskDelHook                            0x0800e915   Thumb Code    20  os_cpu_c.o(.text)
    OSTaskReturnHook                         0x0800e929   Thumb Code    20  os_cpu_c.o(.text)
    OSTaskStkInit                            0x0800e93d   Thumb Code   192  os_cpu_c.o(.text)
    OSTaskSwHook                             0x0800e9fd   Thumb Code   120  os_cpu_c.o(.text)
    OSTimeTickHook                           0x0800ea75   Thumb Code    16  os_cpu_c.o(.text)
    OS_CPU_SysTickHandler                    0x0800ea85   Thumb Code    52  os_cpu_c.o(.text)
    OS_CPU_SysTickInit                       0x0800eab9   Thumb Code    44  os_cpu_c.o(.text)
    usmart_sys_cmd_exe                       0x0800eb25   Thumb Code  1554  usmart.o(.text)
    usmart_reset_runtime                     0x0800f137   Thumb Code    38  usmart.o(.text)
    usmart_get_runtime                       0x0800f15d   Thumb Code    60  usmart.o(.text)
    TIM4_IRQHandler                          0x0800f199   Thumb Code    46  usmart.o(.text)
    Timer4_Init                              0x0800f1c7   Thumb Code    88  usmart.o(.text)
    usmart_init                              0x0800f21f   Thumb Code    36  usmart.o(.text)
    usmart_cmd_rec                           0x0800f243   Thumb Code   170  usmart.o(.text)
    usmart_exe                               0x0800f2ed   Thumb Code   870  usmart.o(.text)
    usmart_scan                              0x0800f653   Thumb Code   120  usmart.o(.text)
    read_addr                                0x0800f6cb   Thumb Code     6  usmart.o(.text)
    write_addr                               0x0800f6d1   Thumb Code     4  usmart.o(.text)
    usmart_strcmp                            0x0800f75d   Thumb Code    34  usmart_str.o(.text)
    usmart_strcopy                           0x0800f77f   Thumb Code    22  usmart_str.o(.text)
    usmart_strlen                            0x0800f795   Thumb Code    24  usmart_str.o(.text)
    usmart_pow                               0x0800f7ad   Thumb Code    22  usmart_str.o(.text)
    usmart_str2num                           0x0800f7c3   Thumb Code   262  usmart_str.o(.text)
    usmart_get_cmdname                       0x0800f8c9   Thumb Code    54  usmart_str.o(.text)
    usmart_search_nextc                      0x0800f8ff   Thumb Code    22  usmart_str.o(.text)
    usmart_get_fname                         0x0800f915   Thumb Code   440  usmart_str.o(.text)
    usmart_get_aparm                         0x0800facd   Thumb Code   212  usmart_str.o(.text)
    usmart_get_parmpos                       0x0800fba1   Thumb Code    26  usmart_str.o(.text)
    usmart_get_fparam                        0x0800fbbb   Thumb Code   262  usmart_str.o(.text)
    exfuns_init                              0x0800fccd   Thumb Code   114  exfuns.o(.text)
    char_upper                               0x0800fd3f   Thumb Code    26  exfuns.o(.text)
    f_typetell                               0x0800fd59   Thumb Code   188  exfuns.o(.text)
    exf_getfree                              0x0800fe15   Thumb Code    74  exfuns.o(.text)
    mf_mount                                 0x0800fe75   Thumb Code    20  fattester.o(.text)
    mf_open                                  0x0800fe89   Thumb Code    24  fattester.o(.text)
    mf_close                                 0x0800fea1   Thumb Code    14  fattester.o(.text)
    mf_read                                  0x0800feaf   Thumb Code   224  fattester.o(.text)
    mf_write                                 0x0800ff8f   Thumb Code    68  fattester.o(.text)
    mf_opendir                               0x0800ffd3   Thumb Code    14  fattester.o(.text)
    mf_closedir                              0x0800ffe1   Thumb Code    10  fattester.o(.text)
    mf_readdir                               0x0800ffeb   Thumb Code   204  fattester.o(.text)
    mf_scan_files                            0x080100b7   Thumb Code   150  fattester.o(.text)
    mf_showfree                              0x0801014d   Thumb Code    88  fattester.o(.text)
    mf_lseek                                 0x080101a5   Thumb Code    16  fattester.o(.text)
    mf_tell                                  0x080101b5   Thumb Code     8  fattester.o(.text)
    mf_size                                  0x080101bd   Thumb Code     8  fattester.o(.text)
    mf_mkdir                                 0x080101c5   Thumb Code    12  fattester.o(.text)
    mf_fmkfs                                 0x080101d1   Thumb Code    20  fattester.o(.text)
    mf_unlink                                0x080101e5   Thumb Code    12  fattester.o(.text)
    mf_rename                                0x080101f1   Thumb Code    16  fattester.o(.text)
    mf_getlabel                              0x08010201   Thumb Code    58  fattester.o(.text)
    mf_setlabel                              0x0801023b   Thumb Code   660  fattester.o(.text)
    mf_gets                                  0x080104cf   Thumb Code    38  fattester.o(.text)
    mf_putc                                  0x080104f5   Thumb Code    18  fattester.o(.text)
    mf_puts                                  0x08010507   Thumb Code    18  fattester.o(.text)
    disk_status                              0x0801055d   Thumb Code     6  diskio.o(.text)
    disk_initialize                          0x08010563   Thumb Code    52  diskio.o(.text)
    disk_read                                0x08010597   Thumb Code   122  diskio.o(.text)
    disk_write                               0x08010611   Thumb Code   122  diskio.o(.text)
    disk_ioctl                               0x0801068b   Thumb Code   170  diskio.o(.text)
    get_fattime                              0x08010735   Thumb Code     4  diskio.o(.text)
    ff_memalloc                              0x08010739   Thumb Code    14  diskio.o(.text)
    ff_memfree                               0x08010747   Thumb Code    14  diskio.o(.text)
    clust2sect                               0x08010913   Thumb Code    26  ff.o(.text)
    get_fat                                  0x0801092d   Thumb Code   242  ff.o(.text)
    put_fat                                  0x08010a1f   Thumb Code   322  ff.o(.text)
    dir_sdi                                  0x08010cd5   Thumb Code   158  ff.o(.text)
    f_mount                                  0x08011d5f   Thumb Code    86  ff.o(.text)
    f_open                                   0x08011db5   Thumb Code   384  ff.o(.text)
    f_read                                   0x08011f35   Thumb Code   450  ff.o(.text)
    f_write                                  0x080120f7   Thumb Code   490  ff.o(.text)
    f_sync                                   0x080122e1   Thumb Code   176  ff.o(.text)
    f_close                                  0x08012391   Thumb Code    32  ff.o(.text)
    f_lseek                                  0x080123b1   Thumb Code   684  ff.o(.text)
    f_opendir                                0x0801265d   Thumb Code   136  ff.o(.text)
    f_closedir                               0x080126e5   Thumb Code    22  ff.o(.text)
    f_readdir                                0x080126fb   Thumb Code   114  ff.o(.text)
    f_stat                                   0x0801276d   Thumb Code    84  ff.o(.text)
    f_getfree                                0x080127c1   Thumb Code   258  ff.o(.text)
    f_truncate                               0x080128c3   Thumb Code   184  ff.o(.text)
    f_unlink                                 0x0801297b   Thumb Code   190  ff.o(.text)
    f_mkdir                                  0x08012a39   Thumb Code   380  ff.o(.text)
    f_chmod                                  0x08012bb5   Thumb Code   112  ff.o(.text)
    f_rename                                 0x08012c25   Thumb Code   290  ff.o(.text)
    f_utime                                  0x08012d47   Thumb Code   110  ff.o(.text)
    f_getlabel                               0x08012db5   Thumb Code   190  ff.o(.text)
    f_setlabel                               0x08012e73   Thumb Code   482  ff.o(.text)
    f_mkfs                                   0x08013055   Thumb Code  1578  ff.o(.text)
    f_gets                                   0x0801367f   Thumb Code    82  ff.o(.text)
    f_putc                                   0x08013715   Thumb Code    64  ff.o(.text)
    f_puts                                   0x08013755   Thumb Code    74  ff.o(.text)
    f_printf                                 0x0801379f   Thumb Code   674  ff.o(.text)
    ff_convert                               0x08013a41   Thumb Code   116  cc936.o(.text)
    ff_wtoupper                              0x08013ab5   Thumb Code    46  cc936.o(.text)
    __use_no_semihosting                     0x08013af5   Thumb Code     2  use_no_semi_2.o(.text)
    __aeabi_uldivmod                         0x08013af7   Thumb Code     0  lludivv7m.o(.text)
    _ll_udiv                                 0x08013af7   Thumb Code   238  lludivv7m.o(.text)
    __aeabi_ldivmod                          0x08013be5   Thumb Code     0  llsdiv.o(.text)
    _ll_sdiv                                 0x08013be5   Thumb Code    72  llsdiv.o(.text)
    __c89vsprintf                            0x08013c2d   Thumb Code    32  c89vsprintf.o(.text)
    __2printf                                0x08013c51   Thumb Code    20  __2printf.o(.text)
    _printf_pre_padding                      0x08013c69   Thumb Code    44  _printf_pad.o(.text)
    _printf_post_padding                     0x08013c95   Thumb Code    34  _printf_pad.o(.text)
    _printf_str                              0x08013cb7   Thumb Code    82  _printf_str.o(.text)
    _printf_int_dec                          0x08013d09   Thumb Code   104  _printf_dec.o(.text)
    _printf_longlong_hex                     0x08013d81   Thumb Code    86  _printf_hex_int_ll_ptr.o(.text)
    _printf_int_hex                          0x08013dd7   Thumb Code    28  _printf_hex_int_ll_ptr.o(.text)
    _printf_ll_hex                           0x08013df3   Thumb Code    12  _printf_hex_int_ll_ptr.o(.text)
    _printf_hex_ptr                          0x08013dff   Thumb Code    18  _printf_hex_int_ll_ptr.o(.text)
    __printf                                 0x08013e15   Thumb Code   388  __printf_flags_ss_wp.o(.text)
    strcpy                                   0x08013f9d   Thumb Code    72  strcpy.o(.text)
    strlen                                   0x08013fe5   Thumb Code    62  strlen.o(.text)
    __aeabi_memcpy                           0x08014023   Thumb Code     0  rt_memcpy_v6.o(.text)
    __rt_memcpy                              0x08014023   Thumb Code   138  rt_memcpy_v6.o(.text)
    _memcpy_lastbytes                        0x08014089   Thumb Code     0  rt_memcpy_v6.o(.text)
    strcmp                                   0x080140ad   Thumb Code   128  strcmpv7m.o(.text)
    __use_two_region_memory                  0x0801412d   Thumb Code     2  heapauxi.o(.text)
    __rt_heap_escrow$2region                 0x0801412f   Thumb Code     2  heapauxi.o(.text)
    __rt_heap_expand$2region                 0x08014131   Thumb Code     2  heapauxi.o(.text)
    __I$use$semihosting                      0x08014133   Thumb Code     0  use_no_semi.o(.text)
    __use_no_semihosting_swi                 0x08014133   Thumb Code     2  use_no_semi.o(.text)
    _printf_truncate_signed                  0x08014135   Thumb Code    18  _printf_truncate.o(.text)
    _printf_truncate_unsigned                0x08014147   Thumb Code    18  _printf_truncate.o(.text)
    _printf_int_common                       0x08014159   Thumb Code   178  _printf_intcommon.o(.text)
    _printf_charcount                        0x0801420b   Thumb Code    40  _printf_charcount.o(.text)
    _printf_char_common                      0x0801423f   Thumb Code    32  _printf_char_common.o(.text)
    _sputc                                   0x08014265   Thumb Code    10  _sputc.o(.text)
    _printf_cs_common                        0x0801426f   Thumb Code    20  _printf_char.o(.text)
    _printf_char                             0x08014283   Thumb Code    16  _printf_char.o(.text)
    _printf_string                           0x08014293   Thumb Code     8  _printf_char.o(.text)
    _printf_char_file                        0x0801429d   Thumb Code    32  _printf_char_file.o(.text)
    _printf_wctomb                           0x080142c1   Thumb Code   182  _printf_wctomb.o(.text)
    _printf_longlong_dec                     0x0801437d   Thumb Code   108  _printf_longlong_dec.o(.text)
    _printf_longlong_oct                     0x080143f9   Thumb Code    68  _printf_oct_int_ll.o(.text)
    _printf_int_oct                          0x0801443d   Thumb Code    24  _printf_oct_int_ll.o(.text)
    _printf_ll_oct                           0x08014455   Thumb Code    12  _printf_oct_int_ll.o(.text)
    __aeabi_memcpy4                          0x08014469   Thumb Code     0  rt_memcpy_w.o(.text)
    __aeabi_memcpy8                          0x08014469   Thumb Code     0  rt_memcpy_w.o(.text)
    __rt_memcpy_w                            0x08014469   Thumb Code   100  rt_memcpy_w.o(.text)
    _memcpy_lastbytes_aligned                0x080144b1   Thumb Code     0  rt_memcpy_w.o(.text)
    _ll_udiv10                               0x080144cd   Thumb Code   138  lludiv10.o(.text)
    __lib_sel_fp_printf                      0x08014557   Thumb Code     2  _printf_fp_dec.o(.text)
    _printf_fp_dec_real                      0x08014705   Thumb Code   620  _printf_fp_dec.o(.text)
    _printf_lcs_common                       0x08014971   Thumb Code    20  _printf_wchar.o(.text)
    _printf_wchar                            0x08014985   Thumb Code    16  _printf_wchar.o(.text)
    _printf_wstring                          0x08014995   Thumb Code     8  _printf_wchar.o(.text)
    ferror                                   0x0801499d   Thumb Code     8  ferror.o(.text)
    _wcrtomb                                 0x080149a5   Thumb Code    64  _wcrtomb.o(.text)
    __user_setup_stackheap                   0x080149e5   Thumb Code    74  sys_stackheap_outer.o(.text)
    __rt_ctype_table                         0x08014a31   Thumb Code    16  rt_ctype_table.o(.text)
    __rt_locale                              0x08014a41   Thumb Code     8  rt_locale_intlibspace.o(.text)
    _printf_fp_infnan                        0x08014a49   Thumb Code   112  _printf_fp_infnan.o(.text)
    _btod_etento                             0x08014ac9   Thumb Code   216  bigflt0.o(.text)
    exit                                     0x08014ba5   Thumb Code    18  exit.o(.text)
    __user_libspace                          0x08014bb9   Thumb Code     8  libspace.o(.text)
    __user_perproc_libspace                  0x08014bb9   Thumb Code     0  libspace.o(.text)
    __user_perthread_libspace                0x08014bb9   Thumb Code     0  libspace.o(.text)
    _btod_d2e                                0x08014bc1   Thumb Code    62  btod.o(CL$$btod_d2e)
    _d2e_denorm_low                          0x08014bff   Thumb Code    70  btod.o(CL$$btod_d2e_denorm_low)
    _d2e_norm_op1                            0x08014c45   Thumb Code    96  btod.o(CL$$btod_d2e_norm_op1)
    __btod_div_common                        0x08014ca5   Thumb Code   696  btod.o(CL$$btod_div_common)
    _e2e                                     0x08014fdd   Thumb Code   198  btod.o(CL$$btod_e2e)
    _btod_ediv                               0x080150a3   Thumb Code    40  btod.o(CL$$btod_ediv)
    _btod_emul                               0x080150cb   Thumb Code    40  btod.o(CL$$btod_emul)
    __btod_mult_common                       0x080150f3   Thumb Code   580  btod.o(CL$$btod_mult_common)
    OSStartHighRdy                           0x08015339   Thumb Code     0  os_cpu_a.o(CODE)
    OSCtxSw                                  0x0801535b   Thumb Code     0  os_cpu_a.o(CODE)
    OSIntCtxSw                               0x08015365   Thumb Code     0  os_cpu_a.o(CODE)
    PendSV_Handler                           0x0801536f   Thumb Code     0  os_cpu_a.o(CODE)
    __ARM_fpclassify                         0x080153d1   Thumb Code    40  fpclassify.o(i.__ARM_fpclassify)
    _is_digit                                0x080153f9   Thumb Code    14  __printf_wp.o(i._is_digit)
    _get_lc_numeric                          0x08015409   Thumb Code    44  lc_numeric_c.o(locale$$code)
    _get_lc_ctype                            0x08015435   Thumb Code    44  lc_ctype_c.o(locale$$code)
    _printf_fp_dec                           0x08015461   Thumb Code     4  printf1.o(x$fpl$printf1)
    __I$use$fp                               0x08015464   Number         0  usenofp.o(x$fpl$usenofp)
    memtblsize                               0x08015464   Data           8  malloc.o(.constdata)
    memblksize                               0x0801546c   Data           8  malloc.o(.constdata)
    memsize                                  0x08015474   Data           8  malloc.o(.constdata)
    CPU_EndiannessTest                       0x0801557c   Data           4  cpu_core.o(.constdata)
    OSCfg_IdleTaskStkBasePtr                 0x08015614   Data           4  os_cfg_app.o(.constdata)
    OSCfg_IdleTaskStkLimit                   0x08015618   Data           4  os_cfg_app.o(.constdata)
    OSCfg_IdleTaskStkSize                    0x0801561c   Data           4  os_cfg_app.o(.constdata)
    OSCfg_IdleTaskStkSizeRAM                 0x08015620   Data           4  os_cfg_app.o(.constdata)
    OSCfg_IntQBasePtr                        0x08015624   Data           4  os_cfg_app.o(.constdata)
    OSCfg_IntQSize                           0x08015628   Data           2  os_cfg_app.o(.constdata)
    OSCfg_IntQSizeRAM                        0x0801562c   Data           4  os_cfg_app.o(.constdata)
    OSCfg_IntQTaskStkBasePtr                 0x08015630   Data           4  os_cfg_app.o(.constdata)
    OSCfg_IntQTaskStkLimit                   0x08015634   Data           4  os_cfg_app.o(.constdata)
    OSCfg_IntQTaskStkSize                    0x08015638   Data           4  os_cfg_app.o(.constdata)
    OSCfg_IntQTaskStkSizeRAM                 0x0801563c   Data           4  os_cfg_app.o(.constdata)
    OSCfg_ISRStkBasePtr                      0x08015640   Data           4  os_cfg_app.o(.constdata)
    OSCfg_ISRStkSize                         0x08015644   Data           4  os_cfg_app.o(.constdata)
    OSCfg_ISRStkSizeRAM                      0x08015648   Data           4  os_cfg_app.o(.constdata)
    OSCfg_MsgPoolSize                        0x0801564c   Data           2  os_cfg_app.o(.constdata)
    OSCfg_MsgPoolSizeRAM                     0x08015650   Data           4  os_cfg_app.o(.constdata)
    OSCfg_MsgPoolBasePtr                     0x08015654   Data           4  os_cfg_app.o(.constdata)
    OSCfg_StatTaskPrio                       0x08015658   Data           1  os_cfg_app.o(.constdata)
    OSCfg_StatTaskRate_Hz                    0x0801565c   Data           4  os_cfg_app.o(.constdata)
    OSCfg_StatTaskStkBasePtr                 0x08015660   Data           4  os_cfg_app.o(.constdata)
    OSCfg_StatTaskStkLimit                   0x08015664   Data           4  os_cfg_app.o(.constdata)
    OSCfg_StatTaskStkSize                    0x08015668   Data           4  os_cfg_app.o(.constdata)
    OSCfg_StatTaskStkSizeRAM                 0x0801566c   Data           4  os_cfg_app.o(.constdata)
    OSCfg_StkSizeMin                         0x08015670   Data           4  os_cfg_app.o(.constdata)
    OSCfg_TickRate_Hz                        0x08015674   Data           4  os_cfg_app.o(.constdata)
    OSCfg_TickTaskPrio                       0x08015678   Data           1  os_cfg_app.o(.constdata)
    OSCfg_TickTaskStkBasePtr                 0x0801567c   Data           4  os_cfg_app.o(.constdata)
    OSCfg_TickTaskStkLimit                   0x08015680   Data           4  os_cfg_app.o(.constdata)
    OSCfg_TickTaskStkSize                    0x08015684   Data           4  os_cfg_app.o(.constdata)
    OSCfg_TickTaskStkSizeRAM                 0x08015688   Data           4  os_cfg_app.o(.constdata)
    OSCfg_TickWheelSize                      0x0801568c   Data           2  os_cfg_app.o(.constdata)
    OSCfg_TickWheelSizeRAM                   0x08015690   Data           4  os_cfg_app.o(.constdata)
    OSCfg_TmrTaskPrio                        0x08015694   Data           1  os_cfg_app.o(.constdata)
    OSCfg_TmrTaskRate_Hz                     0x08015698   Data           4  os_cfg_app.o(.constdata)
    OSCfg_TmrTaskStkBasePtr                  0x0801569c   Data           4  os_cfg_app.o(.constdata)
    OSCfg_TmrTaskStkLimit                    0x080156a0   Data           4  os_cfg_app.o(.constdata)
    OSCfg_TmrTaskStkSize                     0x080156a4   Data           4  os_cfg_app.o(.constdata)
    OSCfg_TmrTaskStkSizeRAM                  0x080156a8   Data           4  os_cfg_app.o(.constdata)
    OSCfg_TmrWheelSize                       0x080156ac   Data           2  os_cfg_app.o(.constdata)
    OSCfg_TmrWheelSizeRAM                    0x080156b0   Data           4  os_cfg_app.o(.constdata)
    OSCfg_DataSizeRAM                        0x080156b4   Data           4  os_cfg_app.o(.constdata)
    OSDbg_DbgEn                              0x080156b8   Data           2  os_dbg.o(.constdata)
    OSDbg_ArgChkEn                           0x080156ba   Data           1  os_dbg.o(.constdata)
    OSDbg_AppHooksEn                         0x080156bb   Data           1  os_dbg.o(.constdata)
    OSDbg_EndiannessTest                     0x080156bc   Data           4  os_dbg.o(.constdata)
    OSDbg_CalledFromISRChkEn                 0x080156c0   Data           1  os_dbg.o(.constdata)
    OSDbg_FlagEn                             0x080156c1   Data           1  os_dbg.o(.constdata)
    OSDbg_FlagGrp                            0x080156c4   Data          40  os_dbg.o(.constdata)
    OSDbg_FlagDelEn                          0x080156ec   Data           1  os_dbg.o(.constdata)
    OSDbg_FlagModeClrEn                      0x080156ed   Data           1  os_dbg.o(.constdata)
    OSDbg_FlagPendAbortEn                    0x080156ee   Data           1  os_dbg.o(.constdata)
    OSDbg_FlagGrpSize                        0x080156f0   Data           2  os_dbg.o(.constdata)
    OSDbg_FlagWidth                          0x080156f2   Data           2  os_dbg.o(.constdata)
    OSDbg_IntQ                               0x080156f4   Data           2  os_dbg.o(.constdata)
    OSDbg_ISRPostDeferredEn                  0x080156f6   Data           1  os_dbg.o(.constdata)
    OSDbg_Mem                                0x080156f8   Data          32  os_dbg.o(.constdata)
    OSDbg_MemEn                              0x08015718   Data           1  os_dbg.o(.constdata)
    OSDbg_MemSize                            0x0801571a   Data           2  os_dbg.o(.constdata)
    OSDbg_MsgEn                              0x0801571c   Data           1  os_dbg.o(.constdata)
    OSDbg_MsgSize                            0x0801571e   Data           2  os_dbg.o(.constdata)
    OSDbg_MsgPoolSize                        0x08015720   Data           2  os_dbg.o(.constdata)
    OSDbg_MsgQSize                           0x08015722   Data           2  os_dbg.o(.constdata)
    OSDbg_Mutex                              0x08015724   Data          44  os_dbg.o(.constdata)
    OSDbg_MutexEn                            0x08015750   Data           1  os_dbg.o(.constdata)
    OSDbg_MutexDelEn                         0x08015751   Data           1  os_dbg.o(.constdata)
    OSDbg_MutexPendAbortEn                   0x08015752   Data           1  os_dbg.o(.constdata)
    OSDbg_MutexSize                          0x08015754   Data           2  os_dbg.o(.constdata)
    OSDbg_ObjTypeChkEn                       0x08015756   Data           1  os_dbg.o(.constdata)
    OSDbg_PendMultiEn                        0x08015757   Data           1  os_dbg.o(.constdata)
    OSDbg_PendDataSize                       0x08015758   Data           2  os_dbg.o(.constdata)
    OSDbg_PendListSize                       0x0801575a   Data           2  os_dbg.o(.constdata)
    OSDbg_PendObjSize                        0x0801575c   Data           2  os_dbg.o(.constdata)
    OSDbg_PrioMax                            0x0801575e   Data           2  os_dbg.o(.constdata)
    OSDbg_PrioTblSize                        0x08015760   Data           2  os_dbg.o(.constdata)
    OSDbg_PtrSize                            0x08015762   Data           2  os_dbg.o(.constdata)
    OSDbg_Q                                  0x08015764   Data          48  os_dbg.o(.constdata)
    OSDbg_QEn                                0x08015794   Data           1  os_dbg.o(.constdata)
    OSDbg_QDelEn                             0x08015795   Data           1  os_dbg.o(.constdata)
    OSDbg_QFlushEn                           0x08015796   Data           1  os_dbg.o(.constdata)
    OSDbg_QPendAbortEn                       0x08015797   Data           1  os_dbg.o(.constdata)
    OSDbg_QSize                              0x08015798   Data           2  os_dbg.o(.constdata)
    OSDbg_SchedRoundRobinEn                  0x0801579a   Data           1  os_dbg.o(.constdata)
    OSDbg_Sem                                0x0801579c   Data          40  os_dbg.o(.constdata)
    OSDbg_SemEn                              0x080157c4   Data           1  os_dbg.o(.constdata)
    OSDbg_SemDelEn                           0x080157c5   Data           1  os_dbg.o(.constdata)
    OSDbg_SemPendAbortEn                     0x080157c6   Data           1  os_dbg.o(.constdata)
    OSDbg_SemSetEn                           0x080157c7   Data           1  os_dbg.o(.constdata)
    OSDbg_SemSize                            0x080157c8   Data           2  os_dbg.o(.constdata)
    OSDbg_RdyList                            0x080157ca   Data           2  os_dbg.o(.constdata)
    OSDbg_RdyListSize                        0x080157cc   Data           4  os_dbg.o(.constdata)
    OSDbg_StkWidth                           0x080157d0   Data           1  os_dbg.o(.constdata)
    OSDbg_StatTaskEn                         0x080157d1   Data           1  os_dbg.o(.constdata)
    OSDbg_StatTaskStkChkEn                   0x080157d2   Data           1  os_dbg.o(.constdata)
    OSDbg_TaskChangePrioEn                   0x080157d3   Data           1  os_dbg.o(.constdata)
    OSDbg_TaskDelEn                          0x080157d4   Data           1  os_dbg.o(.constdata)
    OSDbg_TaskQEn                            0x080157d5   Data           1  os_dbg.o(.constdata)
    OSDbg_TaskQPendAbortEn                   0x080157d6   Data           1  os_dbg.o(.constdata)
    OSDbg_TaskProfileEn                      0x080157d7   Data           1  os_dbg.o(.constdata)
    OSDbg_TaskRegTblSize                     0x080157d8   Data           2  os_dbg.o(.constdata)
    OSDbg_TaskSemPendAbortEn                 0x080157da   Data           1  os_dbg.o(.constdata)
    OSDbg_TaskSuspendEn                      0x080157db   Data           1  os_dbg.o(.constdata)
    OSDbg_TCBSize                            0x080157dc   Data           2  os_dbg.o(.constdata)
    OSDbg_TickSpokeSize                      0x080157de   Data           2  os_dbg.o(.constdata)
    OSDbg_TimeDlyHMSMEn                      0x080157e0   Data           1  os_dbg.o(.constdata)
    OSDbg_TimeDlyResumeEn                    0x080157e1   Data           1  os_dbg.o(.constdata)
    OSDbg_TLS_TblSize                        0x080157e2   Data           2  os_dbg.o(.constdata)
    OSDbg_Tmr                                0x080157e4   Data          52  os_dbg.o(.constdata)
    OSDbg_TmrEn                              0x08015818   Data           1  os_dbg.o(.constdata)
    OSDbg_TmrDelEn                           0x08015819   Data           1  os_dbg.o(.constdata)
    OSDbg_TmrSize                            0x0801581a   Data           2  os_dbg.o(.constdata)
    OSDbg_TmrSpokeSize                       0x0801581c   Data           2  os_dbg.o(.constdata)
    OSDbg_VersionNbr                         0x0801581e   Data           2  os_dbg.o(.constdata)
    OSDbg_DataSize                           0x08015820   Data           4  os_dbg.o(.constdata)
    FILE_TYPE_TBL                            0x08015824   Data         312  exfuns.o(.constdata)
    Region$$Table$$Base                      0x08040af0   Number         0  anon$$obj.o(Region$$Table)
    Region$$Table$$Limit                     0x08040b10   Number         0  anon$$obj.o(Region$$Table)
    __ctype                                  0x08040b39   Data           0  lc_ctype_c.o(locale$$data)
    SystemCoreClock                          0x20000000   Data           4  system_stm32f10x.o(.data)
    AHBPrescTable                            0x20000004   Data          16  system_stm32f10x.o(.data)
    USART3_RX_STA                            0x20000014   Data           2  usart3.o(.data)
    TransferError                            0x20000022   Data           1  sdio_sdcard.o(.data)
    TransferEnd                              0x20000023   Data           1  sdio_sdcard.o(.data)
    tempbuff                                 0x20000024   Data           4  sdio_sdcard.o(.data)
    W25QXX_TYPE                              0x20000028   Data           2  w25qxx.o(.data)
    mallco_dev                               0x2000002c   Data          28  malloc.o(.data)
    __stdout                                 0x2000004c   Data           4  usart.o(.data)
    USART_RX_STA                             0x20000050   Data           2  usart.o(.data)
    CPU_TS_TmrFreq_Hz                        0x20000068   Data           4  cpu_core.o(.data)
    Mem_PoolTbl                              0x2000006c   Data           4  lib_mem.o(.data)
    OSPrioTbl                                0x20000070   Data           8  os_prio.o(.data)
    OS_AppTaskCreateHookPtr                  0x20000078   Data           4  os_var.o(.data)
    OS_AppTaskDelHookPtr                     0x2000007c   Data           4  os_var.o(.data)
    OS_AppTaskReturnHookPtr                  0x20000080   Data           4  os_var.o(.data)
    OS_AppIdleTaskHookPtr                    0x20000084   Data           4  os_var.o(.data)
    OS_AppStatTaskHookPtr                    0x20000088   Data           4  os_var.o(.data)
    OS_AppTaskSwHookPtr                      0x2000008c   Data           4  os_var.o(.data)
    OS_AppTimeTickHookPtr                    0x20000090   Data           4  os_var.o(.data)
    OSIdleTaskCtr                            0x20000094   Data           4  os_var.o(.data)
    OSIntNestingCtr                          0x20000098   Data           1  os_var.o(.data)
    OSRunning                                0x20000099   Data           1  os_var.o(.data)
    OSIntQInPtr                              0x2000009c   Data           4  os_var.o(.data)
    OSIntQOutPtr                             0x200000a0   Data           4  os_var.o(.data)
    OSIntQNbrEntries                         0x200000a4   Data           2  os_var.o(.data)
    OSIntQNbrEntriesMax                      0x200000a6   Data           2  os_var.o(.data)
    OSIntQOvfCtr                             0x200000a8   Data           2  os_var.o(.data)
    OSIntQTaskTimeMax                        0x200000ac   Data           4  os_var.o(.data)
    OSFlagDbgListPtr                         0x200000b0   Data           4  os_var.o(.data)
    OSFlagQty                                0x200000b4   Data           2  os_var.o(.data)
    OSMemDbgListPtr                          0x200000b8   Data           4  os_var.o(.data)
    OSMemQty                                 0x200000bc   Data           2  os_var.o(.data)
    OSMutexDbgListPtr                        0x200000c0   Data           4  os_var.o(.data)
    OSMutexQty                               0x200000c4   Data           2  os_var.o(.data)
    OSPrioCur                                0x200000c6   Data           1  os_var.o(.data)
    OSPrioHighRdy                            0x200000c7   Data           1  os_var.o(.data)
    OSPrioSaved                              0x200000c8   Data           1  os_var.o(.data)
    OSQDbgListPtr                            0x200000cc   Data           4  os_var.o(.data)
    OSQQty                                   0x200000d0   Data           2  os_var.o(.data)
    OSSchedLockTimeBegin                     0x200000d4   Data           4  os_var.o(.data)
    OSSchedLockTimeMax                       0x200000d8   Data           4  os_var.o(.data)
    OSSchedLockTimeMaxCur                    0x200000dc   Data           4  os_var.o(.data)
    OSSchedLockNestingCtr                    0x200000e0   Data           1  os_var.o(.data)
    OSSchedRoundRobinDfltTimeQuanta          0x200000e4   Data           4  os_var.o(.data)
    OSSchedRoundRobinEn                      0x200000e8   Data           1  os_var.o(.data)
    OSSemDbgListPtr                          0x200000ec   Data           4  os_var.o(.data)
    OSSemQty                                 0x200000f0   Data           2  os_var.o(.data)
    OSStatResetFlag                          0x200000f2   Data           1  os_var.o(.data)
    OSStatTaskCPUUsage                       0x200000f4   Data           2  os_var.o(.data)
    OSStatTaskCPUUsageMax                    0x200000f6   Data           2  os_var.o(.data)
    OSStatTaskCtr                            0x200000f8   Data           4  os_var.o(.data)
    OSStatTaskCtrMax                         0x200000fc   Data           4  os_var.o(.data)
    OSStatTaskCtrRun                         0x20000100   Data           4  os_var.o(.data)
    OSStatTaskRdy                            0x20000104   Data           1  os_var.o(.data)
    OSStatTaskTimeMax                        0x20000108   Data           4  os_var.o(.data)
    OSTaskCtxSwCtr                           0x2000010c   Data           4  os_var.o(.data)
    OSTaskDbgListPtr                         0x20000110   Data           4  os_var.o(.data)
    OSTaskQty                                0x20000114   Data           2  os_var.o(.data)
    OSTaskRegNextAvailID                     0x20000116   Data           1  os_var.o(.data)
    OSTickCtr                                0x20000118   Data           4  os_var.o(.data)
    OSTickTaskTimeMax                        0x2000011c   Data           4  os_var.o(.data)
    OSTmrDbgListPtr                          0x20000120   Data           4  os_var.o(.data)
    OSTmrQty                                 0x20000124   Data           2  os_var.o(.data)
    OSTmrTaskTimeMax                         0x20000128   Data           4  os_var.o(.data)
    OSTmrTickCtr                             0x2000012c   Data           4  os_var.o(.data)
    OSTmrUpdateCnt                           0x20000130   Data           4  os_var.o(.data)
    OSTmrUpdateCtr                           0x20000134   Data           4  os_var.o(.data)
    OSTCBCurPtr                              0x20000138   Data           4  os_var.o(.data)
    OSTCBHighRdyPtr                          0x2000013c   Data           4  os_var.o(.data)
    OS_CPU_ExceptStkBase                     0x20000140   Data           4  os_cpu_c.o(.data)
    sys_cmd_tab                              0x20000144   Data          28  usmart.o(.data)
    usmart_nametab                           0x20000160   Data         240  usmart_config.o(.data)
    usmart_dev                               0x20000250   Data         244  usmart_config.o(.data)
    fs                                       0x20000344   Data           8  exfuns.o(.data)
    file                                     0x2000034c   Data           4  exfuns.o(.data)
    ftemp                                    0x20000350   Data           4  exfuns.o(.data)
    br                                       0x20000354   Data           4  exfuns.o(.data)
    bw                                       0x20000358   Data           4  exfuns.o(.data)
    fatbuf                                   0x2000035c   Data           4  exfuns.o(.data)
    FLASH_SECTOR_COUNT                       0x20000360   Data           2  diskio.o(.data)
    StartTaskTCB                             0x20000370   Data         196  test.o(.bss)
    START_TASK_STK                           0x20000434   Data        2048  test.o(.bss)
    Usart3DealTaskTCB                        0x20000c34   Data         196  test.o(.bss)
    Usart3_Deal_TASK_STK                     0x20000cf8   Data         512  test.o(.bss)
    usart3_deal_tmr                          0x20000ef8   Data          52  test.o(.bss)
    USART3_RX_BUF                            0x20000f2c   Data         600  usart3.o(.bss)
    USART3_TX_BUF                            0x20001184   Data         600  usart3.o(.bss)
    SDIO_InitStructure                       0x200013e0   Data          24  sdio_sdcard.o(.bss)
    SDIO_CmdInitStructure                    0x200013f8   Data          20  sdio_sdcard.o(.bss)
    SDIO_DataInitStructure                   0x2000140c   Data          24  sdio_sdcard.o(.bss)
    SDCardInfo                               0x20001448   Data          88  sdio_sdcard.o(.bss)
    SDIO_DATA_BUFFER                         0x200014a0   Data         512  sdio_sdcard.o(.bss)
    W25QXX_BUFFER                            0x200016a0   Data        4096  w25qxx.o(.bss)
    AcqusitionTaskTCB                        0x200026a0   Data         196  acquisition.o(.bss)
    ACQUISITION_TASK_STK                     0x20002764   Data         512  acquisition.o(.bss)
    mem1base                                 0x20002980   Data       40960  malloc.o(.bss)
    mem1mapbase                              0x2000c980   Data        2560  malloc.o(.bss)
    USART_RX_BUF                             0x2000d380   Data         200  usart.o(.bss)
    CPU_Name                                 0x2000d448   Data          16  cpu_core.o(.bss)
    Mem_PoolHeap                             0x2000d458   Data          72  lib_mem.o(.bss)
    Mem_Heap                                 0x2000d4a0   Data        1024  lib_mem.o(.bss)
    OSCfg_IdleTaskStk                        0x2000d8a0   Data         512  os_cfg_app.o(.bss)
    OSCfg_IntQ                               0x2000daa0   Data         320  os_cfg_app.o(.bss)
    OSCfg_IntQTaskStk                        0x2000dbe0   Data         512  os_cfg_app.o(.bss)
    OSCfg_ISRStk                             0x2000dde0   Data         512  os_cfg_app.o(.bss)
    OSCfg_MsgPool                            0x2000dfe0   Data        1600  os_cfg_app.o(.bss)
    OSCfg_StatTaskStk                        0x2000e620   Data         512  os_cfg_app.o(.bss)
    OSCfg_TickTaskStk                        0x2000e820   Data         512  os_cfg_app.o(.bss)
    OSCfg_TickWheel                          0x2000ea20   Data         136  os_cfg_app.o(.bss)
    OSCfg_TmrTaskStk                         0x2000eaa8   Data         512  os_cfg_app.o(.bss)
    OSCfg_TmrWheel                           0x2000eca8   Data         136  os_cfg_app.o(.bss)
    OSIdleTaskTCB                            0x2000ed30   Data         196  os_var.o(.bss)
    OSIntQTaskTCB                            0x2000edf4   Data         196  os_var.o(.bss)
    OSMsgPool                                0x2000eeb8   Data          12  os_var.o(.bss)
    OSRdyList                                0x2000eec4   Data         768  os_var.o(.bss)
    OSStatTaskTCB                            0x2000f1c4   Data         196  os_var.o(.bss)
    OSTickTaskTCB                            0x2000f288   Data         196  os_var.o(.bss)
    OSTmrTaskTCB                             0x2000f34c   Data         196  os_var.o(.bss)
    fileinfo                                 0x2000f410   Data          32  exfuns.o(.bss)
    dir                                      0x2000f430   Data          36  exfuns.o(.bss)
    __libspace_start                         0x2000f454   Data          96  libspace.o(.bss)
    __temporary_stack_top$libspace           0x2000f4b4   Data           0  libspace.o(.bss)
    mem2base                                 0x68000000   Data       983040  malloc.o(.ARM.__AT_0x68000000)
    mem2mapbase                              0x680f0000   Data       61440  malloc.o(.ARM.__AT_0x680F0000)



==============================================================================

Memory Map of the image

  Image Entry point : 0x08000131

  Load Region LR_IROM1 (Base: 0x08000000, Size: 0x00040fac, Max: 0x00080000, ABSOLUTE, COMPRESSED[0x00040d60])

    Execution Region ER_IROM1 (Base: 0x08000000, Size: 0x00040c3c, Max: 0x00080000, ABSOLUTE)

    Base Addr    Size         Type   Attr      Idx    E Section Name        Object

    0x08000000   0x00000130   Data   RO          531    RESET               startup_stm32f10x_hd.o
    0x08000130   0x00000008   Code   RO         1287  * !!!main             c_w.l(__main.o)
    0x08000138   0x00000034   Code   RO         1560    !!!scatter          c_w.l(__scatter.o)
    0x0800016c   0x0000005a   Code   RO         1558    !!dczerorl2         c_w.l(__dczerorl2.o)
    0x080001c6   0x00000002   PAD
    0x080001c8   0x0000001c   Code   RO         1562    !!handler_zi        c_w.l(__scatter_zi.o)
    0x080001e4   0x00000000   Code   RO         1274    .ARM.Collect$$_printf_percent$$00000000  c_w.l(_printf_percent.o)
    0x080001e4   0x00000006   Code   RO         1321    .ARM.Collect$$_printf_percent$$00000001  c_w.l(_printf_n.o)
    0x080001ea   0x00000006   Code   RO         1322    .ARM.Collect$$_printf_percent$$00000002  c_w.l(_printf_p.o)
    0x080001f0   0x00000006   Code   RO         1325    .ARM.Collect$$_printf_percent$$00000003  c_w.l(_printf_f.o)
    0x080001f6   0x00000006   Code   RO         1326    .ARM.Collect$$_printf_percent$$00000004  c_w.l(_printf_e.o)
    0x080001fc   0x00000006   Code   RO         1327    .ARM.Collect$$_printf_percent$$00000005  c_w.l(_printf_g.o)
    0x08000202   0x00000006   Code   RO         1328    .ARM.Collect$$_printf_percent$$00000006  c_w.l(_printf_a.o)
    0x08000208   0x0000000a   Code   RO         1333    .ARM.Collect$$_printf_percent$$00000007  c_w.l(_printf_ll.o)
    0x08000212   0x00000006   Code   RO         1324    .ARM.Collect$$_printf_percent$$00000008  c_w.l(_printf_i.o)
    0x08000218   0x00000006   Code   RO         1272    .ARM.Collect$$_printf_percent$$00000009  c_w.l(_printf_d.o)
    0x0800021e   0x00000006   Code   RO         1273    .ARM.Collect$$_printf_percent$$0000000A  c_w.l(_printf_u.o)
    0x08000224   0x00000006   Code   RO         1323    .ARM.Collect$$_printf_percent$$0000000B  c_w.l(_printf_o.o)
    0x0800022a   0x00000006   Code   RO         1271    .ARM.Collect$$_printf_percent$$0000000C  c_w.l(_printf_x.o)
    0x08000230   0x00000006   Code   RO         1330    .ARM.Collect$$_printf_percent$$0000000D  c_w.l(_printf_lli.o)
    0x08000236   0x00000006   Code   RO         1331    .ARM.Collect$$_printf_percent$$0000000E  c_w.l(_printf_lld.o)
    0x0800023c   0x00000006   Code   RO         1332    .ARM.Collect$$_printf_percent$$0000000F  c_w.l(_printf_llu.o)
    0x08000242   0x00000006   Code   RO         1337    .ARM.Collect$$_printf_percent$$00000010  c_w.l(_printf_llo.o)
    0x08000248   0x00000006   Code   RO         1338    .ARM.Collect$$_printf_percent$$00000011  c_w.l(_printf_llx.o)
    0x0800024e   0x0000000a   Code   RO         1334    .ARM.Collect$$_printf_percent$$00000012  c_w.l(_printf_l.o)
    0x08000258   0x00000006   Code   RO         1269    .ARM.Collect$$_printf_percent$$00000013  c_w.l(_printf_c.o)
    0x0800025e   0x00000006   Code   RO         1270    .ARM.Collect$$_printf_percent$$00000014  c_w.l(_printf_s.o)
    0x08000264   0x00000006   Code   RO         1335    .ARM.Collect$$_printf_percent$$00000015  c_w.l(_printf_lc.o)
    0x0800026a   0x00000006   Code   RO         1336    .ARM.Collect$$_printf_percent$$00000016  c_w.l(_printf_ls.o)
    0x08000270   0x00000004   Code   RO         1329    .ARM.Collect$$_printf_percent$$00000017  c_w.l(_printf_percent_end.o)
    0x08000274   0x00000002   Code   RO         1424    .ARM.Collect$$libinit$$00000000  c_w.l(libinit.o)
    0x08000276   0x00000000   Code   RO         1445    .ARM.Collect$$libinit$$00000002  c_w.l(libinit2.o)
    0x08000276   0x00000000   Code   RO         1447    .ARM.Collect$$libinit$$00000004  c_w.l(libinit2.o)
    0x08000276   0x00000000   Code   RO         1450    .ARM.Collect$$libinit$$0000000A  c_w.l(libinit2.o)
    0x08000276   0x00000000   Code   RO         1452    .ARM.Collect$$libinit$$0000000C  c_w.l(libinit2.o)
    0x08000276   0x00000000   Code   RO         1454    .ARM.Collect$$libinit$$0000000E  c_w.l(libinit2.o)
    0x08000276   0x00000006   Code   RO         1455    .ARM.Collect$$libinit$$0000000F  c_w.l(libinit2.o)
    0x0800027c   0x00000000   Code   RO         1457    .ARM.Collect$$libinit$$00000011  c_w.l(libinit2.o)
    0x0800027c   0x0000000c   Code   RO         1458    .ARM.Collect$$libinit$$00000012  c_w.l(libinit2.o)
    0x08000288   0x00000000   Code   RO         1459    .ARM.Collect$$libinit$$00000013  c_w.l(libinit2.o)
    0x08000288   0x00000000   Code   RO         1461    .ARM.Collect$$libinit$$00000015  c_w.l(libinit2.o)
    0x08000288   0x0000000a   Code   RO         1462    .ARM.Collect$$libinit$$00000016  c_w.l(libinit2.o)
    0x08000292   0x00000000   Code   RO         1463    .ARM.Collect$$libinit$$00000017  c_w.l(libinit2.o)
    0x08000292   0x00000000   Code   RO         1465    .ARM.Collect$$libinit$$00000019  c_w.l(libinit2.o)
    0x08000292   0x00000000   Code   RO         1467    .ARM.Collect$$libinit$$0000001B  c_w.l(libinit2.o)
    0x08000292   0x00000000   Code   RO         1469    .ARM.Collect$$libinit$$0000001D  c_w.l(libinit2.o)
    0x08000292   0x00000000   Code   RO         1471    .ARM.Collect$$libinit$$0000001F  c_w.l(libinit2.o)
    0x08000292   0x00000000   Code   RO         1473    .ARM.Collect$$libinit$$00000021  c_w.l(libinit2.o)
    0x08000292   0x00000000   Code   RO         1475    .ARM.Collect$$libinit$$00000023  c_w.l(libinit2.o)
    0x08000292   0x00000000   Code   RO         1477    .ARM.Collect$$libinit$$00000025  c_w.l(libinit2.o)
    0x08000292   0x00000000   Code   RO         1481    .ARM.Collect$$libinit$$0000002C  c_w.l(libinit2.o)
    0x08000292   0x00000000   Code   RO         1483    .ARM.Collect$$libinit$$0000002E  c_w.l(libinit2.o)
    0x08000292   0x00000000   Code   RO         1485    .ARM.Collect$$libinit$$00000030  c_w.l(libinit2.o)
    0x08000292   0x00000000   Code   RO         1487    .ARM.Collect$$libinit$$00000032  c_w.l(libinit2.o)
    0x08000292   0x00000002   Code   RO         1488    .ARM.Collect$$libinit$$00000033  c_w.l(libinit2.o)
    0x08000294   0x00000002   Code   RO         1514    .ARM.Collect$$libshutdown$$00000000  c_w.l(libshutdown.o)
    0x08000296   0x00000000   Code   RO         1541    .ARM.Collect$$libshutdown$$00000002  c_w.l(libshutdown2.o)
    0x08000296   0x00000000   Code   RO         1543    .ARM.Collect$$libshutdown$$00000004  c_w.l(libshutdown2.o)
    0x08000296   0x00000000   Code   RO         1546    .ARM.Collect$$libshutdown$$00000007  c_w.l(libshutdown2.o)
    0x08000296   0x00000000   Code   RO         1549    .ARM.Collect$$libshutdown$$0000000A  c_w.l(libshutdown2.o)
    0x08000296   0x00000000   Code   RO         1551    .ARM.Collect$$libshutdown$$0000000C  c_w.l(libshutdown2.o)
    0x08000296   0x00000000   Code   RO         1554    .ARM.Collect$$libshutdown$$0000000F  c_w.l(libshutdown2.o)
    0x08000296   0x00000002   Code   RO         1555    .ARM.Collect$$libshutdown$$00000010  c_w.l(libshutdown2.o)
    0x08000298   0x00000000   Code   RO         1291    .ARM.Collect$$rtentry$$00000000  c_w.l(__rtentry.o)
    0x08000298   0x00000000   Code   RO         1344    .ARM.Collect$$rtentry$$00000002  c_w.l(__rtentry2.o)
    0x08000298   0x00000006   Code   RO         1356    .ARM.Collect$$rtentry$$00000004  c_w.l(__rtentry4.o)
    0x0800029e   0x00000000   Code   RO         1346    .ARM.Collect$$rtentry$$00000009  c_w.l(__rtentry2.o)
    0x0800029e   0x00000004   Code   RO         1347    .ARM.Collect$$rtentry$$0000000A  c_w.l(__rtentry2.o)
    0x080002a2   0x00000000   Code   RO         1349    .ARM.Collect$$rtentry$$0000000C  c_w.l(__rtentry2.o)
    0x080002a2   0x00000008   Code   RO         1350    .ARM.Collect$$rtentry$$0000000D  c_w.l(__rtentry2.o)
    0x080002aa   0x00000002   Code   RO         1433    .ARM.Collect$$rtexit$$00000000  c_w.l(rtexit.o)
    0x080002ac   0x00000000   Code   RO         1490    .ARM.Collect$$rtexit$$00000002  c_w.l(rtexit2.o)
    0x080002ac   0x00000004   Code   RO         1491    .ARM.Collect$$rtexit$$00000003  c_w.l(rtexit2.o)
    0x080002b0   0x00000006   Code   RO         1492    .ARM.Collect$$rtexit$$00000004  c_w.l(rtexit2.o)
    0x080002b6   0x00000016   Code   RO            1    .text               stm32f10x_it.o
    0x080002cc   0x000001e0   Code   RO           62    .text               system_stm32f10x.o
    0x080004ac   0x00000464   Code   RO           80    .text               test.o
    0x08000910   0x00000100   Code   RO          251    .text               ipm.o
    0x08000a10   0x00000040   Code   RO          263    .text               power.o
    0x08000a50   0x00000180   Code   RO          275    .text               usart3.o
    0x08000bd0   0x000000a8   Code   RO          304    .text               timer.o
    0x08000c78   0x000001b4   Code   RO          343    .text               sram.o
    0x08000e2c   0x00001c3c   Code   RO          359    .text               sdio_sdcard.o
    0x08002a68   0x00000360   Code   RO          382    .text               w25qxx.o
    0x08002dc8   0x00000134   Code   RO          404    .text               spi.o
    0x08002efc   0x0000010c   Code   RO          416    .text               acquisition.o
    0x08003008   0x0000028c   Code   RO          431    .text               cs5532.o
    0x08003294   0x0000022c   Code   RO          443    .text               malloc.o
    0x080034c0   0x0000014c   Code   RO          465    .text               delay.o
    0x0800360c   0x0000000c   Code   RO          480    .text               sys.o
    0x08003618   0x00000150   Code   RO          496    .text               usart.o
    0x08003768   0x00000040   Code   RO          532    .text               startup_stm32f10x_hd.o
    0x080037a8   0x000000dc   Code   RO          536    .text               misc.o
    0x08003884   0x0000035c   Code   RO          548    .text               stm32f10x_gpio.o
    0x08003be0   0x00000408   Code   RO          560    .text               stm32f10x_usart.o
    0x08003fe8   0x000003a4   Code   RO          572    .text               stm32f10x_rcc.o
    0x0800438c   0x00000e1a   Code   RO          586    .text               stm32f10x_tim.o
    0x080051a6   0x00000002   PAD
    0x080051a8   0x000001d4   Code   RO          598    .text               stm32f10x_sdio.o
    0x0800537c   0x00000254   Code   RO          649    .text               stm32f10x_dma.o
    0x080055d0   0x00000084   Code   RO          661    .text               bsp.o
    0x08005654   0x000002a8   Code   RO          676    .text               cpu_core.o
    0x080058fc   0x00000034   Code   RO          714    .text               cpu_a.o
    0x08005930   0x00000256   Code   RO          717    .text               lib_ascii.o
    0x08005b86   0x00000002   PAD
    0x08005b88   0x000009c6   Code   RO          750    .text               lib_mem.o
    0x0800654e   0x00000002   PAD
    0x08006550   0x0000092c   Code   RO          769    .text               lib_str.o
    0x08006e7c   0x00000220   Code   RO          786    .text               lib_mem_a.o
    0x0800709c   0x000000fc   Code   RO          789    .text               os_cfg_app.o
    0x08007198   0x00000df0   Code   RO          812    .text               os_core.o
    0x08007f88   0x000001b0   Code   RO          824    .text               os_dbg.o
    0x08008138   0x00000e28   Code   RO          839    .text               os_flag.o
    0x08008f60   0x00000444   Code   RO          851    .text               os_int.o
    0x080093a4   0x00000238   Code   RO          863    .text               os_mem.o
    0x080095dc   0x0000022c   Code   RO          875    .text               os_msg.o
    0x08009808   0x00000ad4   Code   RO          887    .text               os_mutex.o
    0x0800a2dc   0x0000007c   Code   RO          905    .text               os_prio.o
    0x0800a358   0x000008d8   Code   RO          924    .text               os_q.o
    0x0800ac30   0x00000830   Code   RO          936    .text               os_sem.o
    0x0800b460   0x00000638   Code   RO          948    .text               os_stat.o
    0x0800ba98   0x00001bb4   Code   RO          960    .text               os_task.o
    0x0800d64c   0x000004fc   Code   RO          972    .text               os_tick.o
    0x0800db48   0x00000564   Code   RO          984    .text               os_time.o
    0x0800e0ac   0x00000818   Code   RO          996    .text               os_tmr.o
    0x0800e8c4   0x00000260   Code   RO         1025    .text               os_cpu_c.o
    0x0800eb24   0x00000c38   Code   RO         1058    .text               usmart.o
    0x0800f75c   0x00000570   Code   RO         1090    .text               usmart_str.o
    0x0800fccc   0x000001a8   Code   RO         1102    .text               exfuns.o
    0x0800fe74   0x000006e8   Code   RO         1126    .text               fattester.o
    0x0801055c   0x00000200   Code   RO         1142    .text               diskio.o
    0x0801075c   0x000032e4   Code   RO         1164    .text               ff.o
    0x08013a40   0x000000b4   Code   RO         1179    .text               cc936.o
    0x08013af4   0x00000002   Code   RO         1204    .text               c_w.l(use_no_semi_2.o)
    0x08013af6   0x000000ee   Code   RO         1206    .text               c_w.l(lludivv7m.o)
    0x08013be4   0x00000048   Code   RO         1208    .text               c_w.l(llsdiv.o)
    0x08013c2c   0x00000024   Code   RO         1210    .text               c_w.l(c89vsprintf.o)
    0x08013c50   0x00000018   Code   RO         1212    .text               c_w.l(__2printf.o)
    0x08013c68   0x0000004e   Code   RO         1222    .text               c_w.l(_printf_pad.o)
    0x08013cb6   0x00000052   Code   RO         1224    .text               c_w.l(_printf_str.o)
    0x08013d08   0x00000078   Code   RO         1226    .text               c_w.l(_printf_dec.o)
    0x08013d80   0x00000094   Code   RO         1246    .text               c_w.l(_printf_hex_int_ll_ptr.o)
    0x08013e14   0x00000188   Code   RO         1266    .text               c_w.l(__printf_flags_ss_wp.o)
    0x08013f9c   0x00000048   Code   RO         1277    .text               c_w.l(strcpy.o)
    0x08013fe4   0x0000003e   Code   RO         1279    .text               c_w.l(strlen.o)
    0x08014022   0x0000008a   Code   RO         1281    .text               c_w.l(rt_memcpy_v6.o)
    0x080140ac   0x00000080   Code   RO         1283    .text               c_w.l(strcmpv7m.o)
    0x0801412c   0x00000006   Code   RO         1285    .text               c_w.l(heapauxi.o)
    0x08014132   0x00000002   Code   RO         1289    .text               c_w.l(use_no_semi.o)
    0x08014134   0x00000024   Code   RO         1296    .text               c_w.l(_printf_truncate.o)
    0x08014158   0x000000b2   Code   RO         1298    .text               c_w.l(_printf_intcommon.o)
    0x0801420a   0x00000028   Code   RO         1300    .text               c_w.l(_printf_charcount.o)
    0x08014232   0x00000002   PAD
    0x08014234   0x00000030   Code   RO         1302    .text               c_w.l(_printf_char_common.o)
    0x08014264   0x0000000a   Code   RO         1304    .text               c_w.l(_sputc.o)
    0x0801426e   0x0000002c   Code   RO         1306    .text               c_w.l(_printf_char.o)
    0x0801429a   0x00000002   PAD
    0x0801429c   0x00000024   Code   RO         1308    .text               c_w.l(_printf_char_file.o)
    0x080142c0   0x000000bc   Code   RO         1310    .text               c_w.l(_printf_wctomb.o)
    0x0801437c   0x0000007c   Code   RO         1313    .text               c_w.l(_printf_longlong_dec.o)
    0x080143f8   0x00000070   Code   RO         1319    .text               c_w.l(_printf_oct_int_ll.o)
    0x08014468   0x00000064   Code   RO         1339    .text               c_w.l(rt_memcpy_w.o)
    0x080144cc   0x0000008a   Code   RO         1360    .text               c_w.l(lludiv10.o)
    0x08014556   0x0000041a   Code   RO         1362    .text               c_w.l(_printf_fp_dec.o)
    0x08014970   0x0000002c   Code   RO         1366    .text               c_w.l(_printf_wchar.o)
    0x0801499c   0x00000008   Code   RO         1368    .text               c_w.l(ferror.o)
    0x080149a4   0x00000040   Code   RO         1372    .text               c_w.l(_wcrtomb.o)
    0x080149e4   0x0000004a   Code   RO         1374    .text               c_w.l(sys_stackheap_outer.o)
    0x08014a2e   0x00000002   PAD
    0x08014a30   0x00000010   Code   RO         1376    .text               c_w.l(rt_ctype_table.o)
    0x08014a40   0x00000008   Code   RO         1381    .text               c_w.l(rt_locale_intlibspace.o)
    0x08014a48   0x00000080   Code   RO         1383    .text               c_w.l(_printf_fp_infnan.o)
    0x08014ac8   0x000000dc   Code   RO         1385    .text               c_w.l(bigflt0.o)
    0x08014ba4   0x00000012   Code   RO         1413    .text               c_w.l(exit.o)
    0x08014bb6   0x00000002   PAD
    0x08014bb8   0x00000008   Code   RO         1430    .text               c_w.l(libspace.o)
    0x08014bc0   0x0000003e   Code   RO         1388    CL$$btod_d2e        c_w.l(btod.o)
    0x08014bfe   0x00000046   Code   RO         1390    CL$$btod_d2e_denorm_low  c_w.l(btod.o)
    0x08014c44   0x00000060   Code   RO         1389    CL$$btod_d2e_norm_op1  c_w.l(btod.o)
    0x08014ca4   0x00000338   Code   RO         1398    CL$$btod_div_common  c_w.l(btod.o)
    0x08014fdc   0x000000c6   Code   RO         1395    CL$$btod_e2e        c_w.l(btod.o)
    0x080150a2   0x00000028   Code   RO         1392    CL$$btod_ediv       c_w.l(btod.o)
    0x080150ca   0x00000028   Code   RO         1391    CL$$btod_emul       c_w.l(btod.o)
    0x080150f2   0x00000244   Code   RO         1397    CL$$btod_mult_common  c_w.l(btod.o)
    0x08015336   0x00000002   PAD
    0x08015338   0x00000098   Code   RO         1022    CODE                os_cpu_a.o
    0x080153d0   0x00000028   Code   RO         1428    i.__ARM_fpclassify  m_ws.l(fpclassify.o)
    0x080153f8   0x0000000e   Code   RO         1259    i._is_digit         c_w.l(__printf_wp.o)
    0x08015406   0x00000002   PAD
    0x08015408   0x0000002c   Code   RO         1411    locale$$code        c_w.l(lc_numeric_c.o)
    0x08015434   0x0000002c   Code   RO         1438    locale$$code        c_w.l(lc_ctype_c.o)
    0x08015460   0x00000004   Code   RO         1341    x$fpl$printf1       fz_ws.l(printf1.o)
    0x08015464   0x00000000   Code   RO         1427    x$fpl$usenofp       fz_ws.l(usenofp.o)
    0x08015464   0x00000018   Data   RO          447    .constdata          malloc.o
    0x0801547c   0x00000104   Data   RO          678    .constdata          cpu_core.o
    0x08015580   0x00000094   Data   RO          770    .constdata          lib_str.o
    0x08015614   0x000000a4   Data   RO          791    .constdata          os_cfg_app.o
    0x080156b8   0x0000016c   Data   RO          825    .constdata          os_dbg.o
    0x08015824   0x00000138   Data   RO         1104    .constdata          exfuns.o
    0x0801595c   0x0000003a   Data   RO         1165    .constdata          ff.o
    0x08015996   0x0002acc8   Data   RO         1180    .constdata          cc936.o
    0x0804065e   0x00000028   Data   RO         1247    .constdata          c_w.l(_printf_hex_int_ll_ptr.o)
    0x08040686   0x00000011   Data   RO         1267    .constdata          c_w.l(__printf_flags_ss_wp.o)
    0x08040697   0x00000001   PAD
    0x08040698   0x00000008   Data   RO         1311    .constdata          c_w.l(_printf_wctomb.o)
    0x080406a0   0x00000094   Data   RO         1386    .constdata          c_w.l(bigflt0.o)
    0x08040734   0x00000028   Data   RO         1059    .conststring        usmart.o
    0x0804075c   0x0000032d   Data   RO         1074    .conststring        usmart_config.o
    0x08040a89   0x00000003   PAD
    0x08040a8c   0x00000064   Data   RO         1105    .conststring        exfuns.o
    0x08040af0   0x00000020   Data   RO         1556    Region$$Table       anon$$obj.o
    0x08040b10   0x0000001c   Data   RO         1410    locale$$data        c_w.l(lc_numeric_c.o)
    0x08040b2c   0x00000110   Data   RO         1437    locale$$data        c_w.l(lc_ctype_c.o)


    Execution Region RW_IRAM1 (Base: 0x20000000, Size: 0x0000fab8, Max: 0x00010000, ABSOLUTE, COMPRESSED[0x00000124])

    Base Addr    Size         Type   Attr      Idx    E Section Name        Object

    0x20000000   0x00000014   Data   RW           63    .data               system_stm32f10x.o
    0x20000014   0x00000002   Data   RW          277    .data               usart3.o
    0x20000016   0x00000002   PAD
    0x20000018   0x00000010   Data   RW          361    .data               sdio_sdcard.o
    0x20000028   0x00000002   Data   RW          384    .data               w25qxx.o
    0x2000002a   0x00000002   PAD
    0x2000002c   0x0000001c   Data   RW          448    .data               malloc.o
    0x20000048   0x00000004   Data   RW          466    .data               delay.o
    0x2000004c   0x00000006   Data   RW          498    .data               usart.o
    0x20000052   0x00000014   Data   RW          573    .data               stm32f10x_rcc.o
    0x20000066   0x00000002   PAD
    0x20000068   0x00000004   Data   RW          679    .data               cpu_core.o
    0x2000006c   0x00000004   Data   RW          752    .data               lib_mem.o
    0x20000070   0x00000008   Data   RW          906    .data               os_prio.o
    0x20000078   0x000000c8   Data   RW         1009    .data               os_var.o
    0x20000140   0x00000004   Data   RW         1026    .data               os_cpu_c.o
    0x20000144   0x0000001c   Data   RW         1060    .data               usmart.o
    0x20000160   0x000001e4   Data   RW         1075    .data               usmart_config.o
    0x20000344   0x0000001c   Data   RW         1106    .data               exfuns.o
    0x20000360   0x00000002   Data   RW         1143    .data               diskio.o
    0x20000362   0x00000002   PAD
    0x20000364   0x0000000a   Data   RW         1166    .data               ff.o
    0x2000036e   0x00000002   PAD
    0x20000370   0x00000bbc   Zero   RW           81    .bss                test.o
    0x20000f2c   0x000004b0   Zero   RW          276    .bss                usart3.o
    0x200013dc   0x00000004   PAD
    0x200013e0   0x000002c0   Zero   RW          360    .bss                sdio_sdcard.o
    0x200016a0   0x00001000   Zero   RW          383    .bss                w25qxx.o
    0x200026a0   0x000002c4   Zero   RW          417    .bss                acquisition.o
    0x20002964   0x0000001c   PAD
    0x20002980   0x0000aa00   Zero   RW          446    .bss                malloc.o
    0x2000d380   0x000000c8   Zero   RW          497    .bss                usart.o
    0x2000d448   0x00000010   Zero   RW          677    .bss                cpu_core.o
    0x2000d458   0x00000448   Zero   RW          751    .bss                lib_mem.o
    0x2000d8a0   0x00001490   Zero   RW          790    .bss                os_cfg_app.o
    0x2000ed30   0x000006e0   Zero   RW         1008    .bss                os_var.o
    0x2000f410   0x00000044   Zero   RW         1103    .bss                exfuns.o
    0x2000f454   0x00000060   Zero   RW         1431    .bss                c_w.l(libspace.o)
    0x2000f4b4   0x00000004   PAD
    0x2000f4b8   0x00000200   Zero   RW          530    HEAP                startup_stm32f10x_hd.o
    0x2000f6b8   0x00000400   Zero   RW          529    STACK               startup_stm32f10x_hd.o



  Load Region LR$$.ARM.__AT_0x68000000 (Base: 0x68000000, Size: 0x00000000, Max: 0x000f0000, ABSOLUTE)

    Execution Region ER$$.ARM.__AT_0x68000000 (Base: 0x68000000, Size: 0x000f0000, Max: 0x000f0000, ABSOLUTE, UNINIT)

    Base Addr    Size         Type   Attr      Idx    E Section Name        Object

    0x68000000   0x000f0000   Zero   RW          444    .ARM.__AT_0x68000000  malloc.o



  Load Region LR$$.ARM.__AT_0x680F0000 (Base: 0x680f0000, Size: 0x00000000, Max: 0x0000f000, ABSOLUTE)

    Execution Region ER$$.ARM.__AT_0x680F0000 (Base: 0x680f0000, Size: 0x0000f000, Max: 0x0000f000, ABSOLUTE, UNINIT)

    Base Addr    Size         Type   Attr      Idx    E Section Name        Object

    0x680f0000   0x0000f000   Zero   RW          445    .ARM.__AT_0x680F0000  malloc.o


==============================================================================

Image component sizes


      Code (inc. data)   RO Data    RW Data    ZI Data      Debug   Object Name

       268         46          0          0        708       1933   acquisition.o
       132         12          0          0          0       1131   bsp.o
       180         18     175304          0          0       2129   cc936.o
        52          0          0          0          0        324   cpu_a.o
       680         14        260          4         16      14303   cpu_core.o
       652         80          0          0          0       1493   cs5532.o
       332         28          0          4          0       1777   delay.o
       512          8          0          2          0       4234   diskio.o
       424         22        412         28         68       5288   exfuns.o
      1768        692          0          0          0       5872   fattester.o
     13028        144         58         10          0      34926   ff.o
       256         16          0          0          0        897   ipm.o
       598          0          0          0          0       3864   lib_ascii.o
      2502         32          0          4       1096      22148   lib_mem.o
       544          0          0          0          0        468   lib_mem_a.o
      2348          6        148          0          0      13730   lib_str.o
       556         18         24         28    1088000       4608   malloc.o
       220         22          0          0          0       1785   misc.o
       252        166        164          0       5264      20826   os_cfg_app.o
      3568        284          0          0          0      12417   os_core.o
       152         32          0          0          0        380   os_cpu_a.o
       608         64          0          4          0       3769   os_cpu_c.o
       432        286        364          0          0       4697   os_dbg.o
      3624        110          0          0          0       8003   os_flag.o
      1092        146          0          0          0       2304   os_int.o
       568         20          0          0          0       2728   os_mem.o
       556         12          0          0          0       2767   os_msg.o
      2772        114          0          0          0       5538   os_mutex.o
       124          4          0          8          0       1692   os_prio.o
      2264         76          0          0          0       6304   os_q.o
      2096         70          0          0          0       6320   os_sem.o
      1592        180          0          0          0       2785   os_stat.o
      7092        270          0          0          0      14146   os_task.o
      1276         90          0          0          0       3257   os_tick.o
      1380         46          0          0          0       3257   os_time.o
      2072        140          0          0          0       6442   os_tmr.o
         0          0          0        200       1760      19321   os_var.o
        64          6          0          0          0        587   power.o
      7228        260          0         16        704      24668   sdio_sdcard.o
       308         16          0          0          0        925   spi.o
       436         42          0          0          0       1833   sram.o
        64         26        304          0       1536        780   startup_stm32f10x_hd.o
       596          8          0          0          0       4354   stm32f10x_dma.o
       860         38          0          0          0       5721   stm32f10x_gpio.o
        22          0          0          0          0      68027   stm32f10x_it.o
       932         36          0         20          0       8884   stm32f10x_rcc.o
       468         22          0          0          0       7108   stm32f10x_sdio.o
      3610         88          0          0          0      22828   stm32f10x_tim.o
      1032         22          0          0          0       8444   stm32f10x_usart.o
        12          0          0          0          0        599   sys.o
       480         38          0         20          0       1671   system_stm32f10x.o
      1124        234          0          0       3004     247765   test.o
       168         10          0          0          0        788   timer.o
       336         18          0          6        200       3154   usart.o
       384         26          0          2       1200       2518   usart3.o
      3128       1288         40         28          0       4306   usmart.o
         0          0        813        484          0       1596   usmart_config.o
      1392         12          0          0          0       5349   usmart_str.o
       864         34          0          2       4096       4357   w25qxx.o

    ----------------------------------------------------------------------
     80086       5492     177926        880    1107684     674125   Object Totals
         0          0         32          0          0          0   (incl. Generated)
         6          0          3         10         32          0   (incl. Padding)

    ----------------------------------------------------------------------

      Code (inc. data)   RO Data    RW Data    ZI Data      Debug   Library Member Name

        24          4          0          0          0         84   __2printf.o
        90          0          0          0          0          0   __dczerorl2.o
         8          0          0          0          0         68   __main.o
       392          4         17          0          0         92   __printf_flags_ss_wp.o
        14          0          0          0          0         68   __printf_wp.o
         0          0          0          0          0          0   __rtentry.o
        12          0          0          0          0          0   __rtentry2.o
         6          0          0          0          0          0   __rtentry4.o
        52          8          0          0          0          0   __scatter.o
        28          0          0          0          0          0   __scatter_zi.o
         6          0          0          0          0          0   _printf_a.o
         6          0          0          0          0          0   _printf_c.o
        44          0          0          0          0        108   _printf_char.o
        48          6          0          0          0         96   _printf_char_common.o
        36          4          0          0          0         80   _printf_char_file.o
        40          0          0          0          0         68   _printf_charcount.o
         6          0          0          0          0          0   _printf_d.o
       120         16          0          0          0         92   _printf_dec.o
         6          0          0          0          0          0   _printf_e.o
         6          0          0          0          0          0   _printf_f.o
      1050          0          0          0          0        216   _printf_fp_dec.o
       128         16          0          0          0         84   _printf_fp_infnan.o
         6          0          0          0          0          0   _printf_g.o
       148          4         40          0          0        160   _printf_hex_int_ll_ptr.o
         6          0          0          0          0          0   _printf_i.o
       178          0          0          0          0         88   _printf_intcommon.o
        10          0          0          0          0          0   _printf_l.o
         6          0          0          0          0          0   _printf_lc.o
        10          0          0          0          0          0   _printf_ll.o
         6          0          0          0          0          0   _printf_lld.o
         6          0          0          0          0          0   _printf_lli.o
         6          0          0          0          0          0   _printf_llo.o
         6          0          0          0          0          0   _printf_llu.o
         6          0          0          0          0          0   _printf_llx.o
       124         16          0          0          0         92   _printf_longlong_dec.o
         6          0          0          0          0          0   _printf_ls.o
         6          0          0          0          0          0   _printf_n.o
         6          0          0          0          0          0   _printf_o.o
       112          8          0          0          0        124   _printf_oct_int_ll.o
         6          0          0          0          0          0   _printf_p.o
        78          0          0          0          0        108   _printf_pad.o
         0          0          0          0          0          0   _printf_percent.o
         4          0          0          0          0          0   _printf_percent_end.o
         6          0          0          0          0          0   _printf_s.o
        82          0          0          0          0         80   _printf_str.o
        36          0          0          0          0         84   _printf_truncate.o
         6          0          0          0          0          0   _printf_u.o
        44          0          0          0          0        108   _printf_wchar.o
       188          6          8          0          0         92   _printf_wctomb.o
         6          0          0          0          0          0   _printf_x.o
        10          0          0          0          0         68   _sputc.o
        64          0          0          0          0         92   _wcrtomb.o
       220          4        148          0          0         96   bigflt0.o
      1910        128          0          0          0        672   btod.o
        36          4          0          0          0         76   c89vsprintf.o
        18          0          0          0          0         80   exit.o
         8          0          0          0          0         68   ferror.o
         6          0          0          0          0        152   heapauxi.o
        44         10        272          0          0         76   lc_ctype_c.o
        44         10         28          0          0         76   lc_numeric_c.o
         2          0          0          0          0          0   libinit.o
        30          0          0          0          0          0   libinit2.o
         2          0          0          0          0          0   libshutdown.o
         2          0          0          0          0          0   libshutdown2.o
         8          4          0          0         96         68   libspace.o
        72          0          0          0          0         76   llsdiv.o
       138          0          0          0          0         80   lludiv10.o
       238          0          0          0          0        100   lludivv7m.o
        16          4          0          0          0         76   rt_ctype_table.o
         8          4          0          0          0         68   rt_locale_intlibspace.o
       138          0          0          0          0         68   rt_memcpy_v6.o
       100          0          0          0          0         80   rt_memcpy_w.o
         2          0          0          0          0          0   rtexit.o
        10          0          0          0          0          0   rtexit2.o
       128          0          0          0          0         68   strcmpv7m.o
        72          0          0          0          0         80   strcpy.o
        62          0          0          0          0         76   strlen.o
        74          0          0          0          0         80   sys_stackheap_outer.o
         2          0          0          0          0         68   use_no_semi.o
         2          0          0          0          0         68   use_no_semi_2.o
         4          0          0          0          0         68   printf1.o
         0          0          0          0          0          0   usenofp.o
        40          0          0          0          0         68   fpclassify.o

    ----------------------------------------------------------------------
      6750        260        514          0        100       4640   Library Totals
        14          0          1          0          4          0   (incl. Padding)

    ----------------------------------------------------------------------

      Code (inc. data)   RO Data    RW Data    ZI Data      Debug   Library Name

      6692        260        513          0         96       4504   c_w.l
         4          0          0          0          0         68   fz_ws.l
        40          0          0          0          0         68   m_ws.l

    ----------------------------------------------------------------------
      6750        260        514          0        100       4640   Library Totals

    ----------------------------------------------------------------------

==============================================================================


      Code (inc. data)   RO Data    RW Data    ZI Data      Debug   

     86836       5752     178440        880    1107784     670909   Grand Totals
     86836       5752     178440        292    1107784     670909   ELF Image Totals (compressed)
     86836       5752     178440        292          0          0   ROM Totals

==============================================================================

    Total RO  Size (Code + RO Data)               265276 ( 259.06kB)
    Total RW  Size (RW Data + ZI Data)           1108664 (1082.68kB)
    Total ROM Size (Code + RO Data + RW Data)     265568 ( 259.34kB)

==============================================================================

